Archive member included to satisfy reference by file (symbol)

/usr/lib/gcc/arm-none-eabi/6.2.0/../../../../arm-none-eabi/lib/armv7e-m/fpu/libc_nano.a(lib_a-atexit.o)
                              /usr/lib/gcc/arm-none-eabi/6.2.0/../../../../arm-none-eabi/lib/armv7e-m/fpu/crt0.o (atexit)
/usr/lib/gcc/arm-none-eabi/6.2.0/../../../../arm-none-eabi/lib/armv7e-m/fpu/libc_nano.a(lib_a-exit.o)
                              /usr/lib/gcc/arm-none-eabi/6.2.0/../../../../arm-none-eabi/lib/armv7e-m/fpu/crt0.o (exit)
/usr/lib/gcc/arm-none-eabi/6.2.0/../../../../arm-none-eabi/lib/armv7e-m/fpu/libc_nano.a(lib_a-fini.o)
                              /usr/lib/gcc/arm-none-eabi/6.2.0/../../../../arm-none-eabi/lib/armv7e-m/fpu/crt0.o (__libc_fini_array)
/usr/lib/gcc/arm-none-eabi/6.2.0/../../../../arm-none-eabi/lib/armv7e-m/fpu/libc_nano.a(lib_a-impure.o)
                              /usr/lib/gcc/arm-none-eabi/6.2.0/../../../../arm-none-eabi/lib/armv7e-m/fpu/libc_nano.a(lib_a-exit.o) (_global_impure_ptr)
/usr/lib/gcc/arm-none-eabi/6.2.0/../../../../arm-none-eabi/lib/armv7e-m/fpu/libc_nano.a(lib_a-init.o)
                              /usr/lib/gcc/arm-none-eabi/6.2.0/../../../../arm-none-eabi/lib/armv7e-m/fpu/crt0.o (__libc_init_array)
/usr/lib/gcc/arm-none-eabi/6.2.0/../../../../arm-none-eabi/lib/armv7e-m/fpu/libc_nano.a(lib_a-malloc.o)
                              build/queue.o (free)
/usr/lib/gcc/arm-none-eabi/6.2.0/../../../../arm-none-eabi/lib/armv7e-m/fpu/libc_nano.a(lib_a-memset.o)
                              /usr/lib/gcc/arm-none-eabi/6.2.0/../../../../arm-none-eabi/lib/armv7e-m/fpu/crt0.o (memset)
/usr/lib/gcc/arm-none-eabi/6.2.0/../../../../arm-none-eabi/lib/armv7e-m/fpu/libc_nano.a(lib_a-nano-freer.o)
                              /usr/lib/gcc/arm-none-eabi/6.2.0/../../../../arm-none-eabi/lib/armv7e-m/fpu/libc_nano.a(lib_a-malloc.o) (_free_r)
/usr/lib/gcc/arm-none-eabi/6.2.0/../../../../arm-none-eabi/lib/armv7e-m/fpu/libc_nano.a(lib_a-nano-mallocr.o)
                              /usr/lib/gcc/arm-none-eabi/6.2.0/../../../../arm-none-eabi/lib/armv7e-m/fpu/libc_nano.a(lib_a-malloc.o) (_malloc_r)
/usr/lib/gcc/arm-none-eabi/6.2.0/../../../../arm-none-eabi/lib/armv7e-m/fpu/libc_nano.a(lib_a-puts.o)
                              build/main.o (puts)
/usr/lib/gcc/arm-none-eabi/6.2.0/../../../../arm-none-eabi/lib/armv7e-m/fpu/libc_nano.a(lib_a-sbrkr.o)
                              /usr/lib/gcc/arm-none-eabi/6.2.0/../../../../arm-none-eabi/lib/armv7e-m/fpu/libc_nano.a(lib_a-nano-mallocr.o) (_sbrk_r)
/usr/lib/gcc/arm-none-eabi/6.2.0/../../../../arm-none-eabi/lib/armv7e-m/fpu/libc_nano.a(lib_a-sprintf.o)
                              build/main.o (sprintf)
/usr/lib/gcc/arm-none-eabi/6.2.0/../../../../arm-none-eabi/lib/armv7e-m/fpu/libc_nano.a(lib_a-wbuf.o)
                              /usr/lib/gcc/arm-none-eabi/6.2.0/../../../../arm-none-eabi/lib/armv7e-m/fpu/libc_nano.a(lib_a-puts.o) (__swbuf_r)
/usr/lib/gcc/arm-none-eabi/6.2.0/../../../../arm-none-eabi/lib/armv7e-m/fpu/libc_nano.a(lib_a-wsetup.o)
                              /usr/lib/gcc/arm-none-eabi/6.2.0/../../../../arm-none-eabi/lib/armv7e-m/fpu/libc_nano.a(lib_a-puts.o) (__swsetup_r)
/usr/lib/gcc/arm-none-eabi/6.2.0/../../../../arm-none-eabi/lib/armv7e-m/fpu/libc_nano.a(lib_a-__atexit.o)
                              /usr/lib/gcc/arm-none-eabi/6.2.0/../../../../arm-none-eabi/lib/armv7e-m/fpu/libc_nano.a(lib_a-atexit.o) (__register_exitproc)
/usr/lib/gcc/arm-none-eabi/6.2.0/../../../../arm-none-eabi/lib/armv7e-m/fpu/libc_nano.a(lib_a-__call_atexit.o)
                              /usr/lib/gcc/arm-none-eabi/6.2.0/../../../../arm-none-eabi/lib/armv7e-m/fpu/libc_nano.a(lib_a-__atexit.o) (__call_exitprocs)
/usr/lib/gcc/arm-none-eabi/6.2.0/../../../../arm-none-eabi/lib/armv7e-m/fpu/libc_nano.a(lib_a-fflush.o)
                              /usr/lib/gcc/arm-none-eabi/6.2.0/../../../../arm-none-eabi/lib/armv7e-m/fpu/libc_nano.a(lib_a-wbuf.o) (_fflush_r)
/usr/lib/gcc/arm-none-eabi/6.2.0/../../../../arm-none-eabi/lib/armv7e-m/fpu/libc_nano.a(lib_a-findfp.o)
                              /usr/lib/gcc/arm-none-eabi/6.2.0/../../../../arm-none-eabi/lib/armv7e-m/fpu/libc_nano.a(lib_a-puts.o) (__sinit)
/usr/lib/gcc/arm-none-eabi/6.2.0/../../../../arm-none-eabi/lib/armv7e-m/fpu/libc_nano.a(lib_a-fwalk.o)
                              /usr/lib/gcc/arm-none-eabi/6.2.0/../../../../arm-none-eabi/lib/armv7e-m/fpu/libc_nano.a(lib_a-findfp.o) (_fwalk)
/usr/lib/gcc/arm-none-eabi/6.2.0/../../../../arm-none-eabi/lib/armv7e-m/fpu/libc_nano.a(lib_a-makebuf.o)
                              /usr/lib/gcc/arm-none-eabi/6.2.0/../../../../arm-none-eabi/lib/armv7e-m/fpu/libc_nano.a(lib_a-wsetup.o) (__smakebuf_r)
/usr/lib/gcc/arm-none-eabi/6.2.0/../../../../arm-none-eabi/lib/armv7e-m/fpu/libc_nano.a(lib_a-nano-svfprintf.o)
                              /usr/lib/gcc/arm-none-eabi/6.2.0/../../../../arm-none-eabi/lib/armv7e-m/fpu/libc_nano.a(lib_a-sprintf.o) (_svfprintf_r)
[...]
Memory Configuration

Name             Origin             Length             Attributes
RAM              0x0000000020000000 0x0000000000018000 xrw
RAM2             0x0000000010000000 0x0000000000008000 xrw
FLASH            0x0000000008000000 0x0000000000100000 xr
*default*        0x0000000000000000 0xffffffffffffffff

Linker script and memory map

LOAD /usr/lib/gcc/arm-none-eabi/6.2.0/armv7e-m/fpu/crti.o
LOAD /usr/lib/gcc/arm-none-eabi/6.2.0/armv7e-m/fpu/crtbegin.o
LOAD /usr/lib/gcc/arm-none-eabi/6.2.0/../../../../arm-none-eabi/lib/armv7e-m/fpu/crt0.o
LOAD build/stm32l4xx_hal_msp.o
LOAD build/usart.o
LOAD build/queue.o
LOAD build/semaphore.o
LOAD build/main.o
LOAD build/mytask.o
LOAD build/tim.o
LOAD build/stm32l4xx_it.o
LOAD build/mailbox.o
LOAD build/gpio.o
LOAD build/sst_user.o
LOAD build/sst_port.o
LOAD build/sst.o
LOAD build/system_stm32l4xx.o
LOAD build/stm32l4xx_hal_flash.o
LOAD build/stm32l4xx_hal_rcc.o
LOAD build/stm32l4xx_hal_dma.o
LOAD build/stm32l4xx_hal_pwr.o
LOAD build/stm32l4xx_hal_gpio.o
LOAD build/stm32l4xx_hal_uart.o
LOAD build/stm32l4xx_hal_flash_ex.o
LOAD build/stm32l4xx_hal_tim.o
LOAD build/stm32l4xx_hal_uart_ex.o
LOAD build/stm32l4xx_hal_pwr_ex.o
LOAD build/stm32l4xx_hal_cortex.o
LOAD build/stm32l4xx_hal_i2c.o
LOAD build/stm32l4xx_hal_tim_ex.o
LOAD build/stm32l4xx_hal_i2c_ex.o
LOAD build/stm32l4xx_hal.o
LOAD build/stm32l4xx_hal_rcc_ex.o
LOAD build/stm32l4xx_hal_flash_ramfunc.o
LOAD build/startup_stm32l476xx.o
LOAD /usr/lib/gcc/arm-none-eabi/6.2.0/../../../../arm-none-eabi/lib/armv7e-m/fpu/libc_nano.a
LOAD /usr/lib/gcc/arm-none-eabi/6.2.0/../../../../arm-none-eabi/lib/armv7e-m/fpu/libm.a
LOAD /usr/lib/gcc/arm-none-eabi/6.2.0/../../../../arm-none-eabi/lib/armv7e-m/fpu/libnosys.a
START GROUP
LOAD /usr/lib/gcc/arm-none-eabi/6.2.0/armv7e-m/fpu/libgcc.a
LOAD /usr/lib/gcc/arm-none-eabi/6.2.0/../../../../arm-none-eabi/lib/armv7e-m/fpu/libc_nano.a
END GROUP
START GROUP
LOAD /usr/lib/gcc/arm-none-eabi/6.2.0/armv7e-m/fpu/libgcc.a
LOAD /usr/lib/gcc/arm-none-eabi/6.2.0/../../../../arm-none-eabi/lib/armv7e-m/fpu/libc_nano.a
END GROUP
LOAD /usr/lib/gcc/arm-none-eabi/6.2.0/armv7e-m/fpu/crtend.o
LOAD /usr/lib/gcc/arm-none-eabi/6.2.0/armv7e-m/fpu/crtn.o
                0x0000000020018000                _estack = 0x20018000
                0x0000000000000200                _Min_Heap_Size = 0x200
                0x0000000000000400                _Min_Stack_Size = 0x400

.isr_vector     0x0000000008000000      0x188
                0x0000000008000000                . = ALIGN (0x8)
 *(.isr_vector)
 .isr_vector    0x0000000008000000      0x188 build/startup_stm32l476xx.o
                0x0000000008000000                g_pfnVectors
                0x0000000008000188                . = ALIGN (0x8)

.text           0x0000000008000190     0x6ee0
                0x0000000008000190                . = ALIGN (0x8)
 *(.text)
 .text          0x0000000008000190       0xa0 /usr/lib/gcc/arm-none-eabi/6.2.0/../../../../arm-none-eabi/lib/armv7e-m/fpu/libc_nano.a(lib_a-memchr.o)
                0x0000000008000190                memchr
 .text          0x0000000008000230      0x370 /usr/lib/gcc/arm-none-eabi/6.2.0/armv7e-m/fpu/libgcc.a(_arm_addsubdf3.o)
                0x0000000008000230                __aeabi_drsub
                0x0000000008000238                __aeabi_dsub
                0x0000000008000238                __subdf3
                0x000000000800023c                __adddf3
                0x000000000800023c                __aeabi_dadd
                0x00000000080004b4                __aeabi_ui2d
                0x00000000080004b4                __floatunsidf
                0x00000000080004d4                __floatsidf
                0x00000000080004d4                __aeabi_i2d
                0x00000000080004f8                __extendsfdf2
                0x00000000080004f8                __aeabi_f2d
                0x0000000008000534                __aeabi_ul2d
                0x0000000008000534                __floatundidf
                0x0000000008000544                __floatdidf
                0x0000000008000544                __aeabi_l2d
 .text          0x00000000080005a0      0x424 /usr/lib/gcc/arm-none-eabi/6.2.0/armv7e-m/fpu/libgcc.a(_arm_muldivdf3.o)
                0x00000000080005a0                __aeabi_dmul
                0x00000000080005a0                __muldf3
                0x00000000080007f4                __aeabi_ddiv
                0x00000000080007f4                __divdf3
 .text          0x00000000080009c4      0x110 /usr/lib/gcc/arm-none-eabi/6.2.0/armv7e-m/fpu/libgcc.a(_arm_cmpdf2.o)
                0x00000000080009c4                __gtdf2
                0x00000000080009c4                __gedf2
                0x00000000080009cc                __ltdf2
                0x00000000080009cc                __ledf2
                0x00000000080009d4                __cmpdf2
                0x00000000080009d4                __eqdf2
                0x00000000080009d4                __nedf2
                0x0000000008000a50                __aeabi_cdrcmple
                0x0000000008000a60                __aeabi_cdcmple
                0x0000000008000a60                __aeabi_cdcmpeq
                0x0000000008000a70                __aeabi_dcmpeq
                0x0000000008000a84                __aeabi_dcmplt
                0x0000000008000a98                __aeabi_dcmple
                0x0000000008000aac                __aeabi_dcmpge
                0x0000000008000ac0                __aeabi_dcmpgt
 .text          0x0000000008000ad4       0x2c /usr/lib/gcc/arm-none-eabi/6.2.0/armv7e-m/fpu/libgcc.a(_arm_unorddf2.o)
                0x0000000008000ad4                __aeabi_dcmpun
                0x0000000008000ad4                __unorddf2
 .text          0x0000000008000b00       0x30 /usr/lib/gcc/arm-none-eabi/6.2.0/armv7e-m/fpu/libgcc.a(_aeabi_uldivmod.o)
                0x0000000008000b00                __aeabi_uldivmod
 .text          0x0000000008000b30        0x4 /usr/lib/gcc/arm-none-eabi/6.2.0/armv7e-m/fpu/libgcc.a(_dvmd_tls.o)
                0x0000000008000b30                __aeabi_ldiv0
                0x0000000008000b30                __aeabi_idiv0
 .text          0x0000000008000b34       0x40 /usr/lib/gcc/arm-none-eabi/6.2.0/armv7e-m/fpu/libgcc.a(_arm_fixunsdfsi.o)
                0x0000000008000b34                __fixunsdfsi
                0x0000000008000b34                __aeabi_d2uiz
 *(.text*)
 .text.__do_global_dtors_aux
                0x0000000008000b74       0x24 /usr/lib/gcc/arm-none-eabi/6.2.0/armv7e-m/fpu/crtbegin.o
 .text.frame_dummy
                0x0000000008000b98       0x34 /usr/lib/gcc/arm-none-eabi/6.2.0/armv7e-m/fpu/crtbegin.o
 .text.HAL_MspInit
                0x0000000008000bcc       0x84 build/stm32l4xx_hal_msp.o
                0x0000000008000bcc                HAL_MspInit
 .text.MX_UART4_Init
                0x0000000008000c50       0x60 build/usart.o
                0x0000000008000c50                MX_UART4_Init
 .text.HAL_UART_MspInit
                0x0000000008000cb0       0x6c build/usart.o
                0x0000000008000cb0                HAL_UART_MspInit
 .text.ConstructQueue
                0x0000000008000d1c       0x60 build/queue.o
                0x0000000008000d1c                ConstructQueue
 .text.Enqueue  0x0000000008000d7c       0x66 build/queue.o
                0x0000000008000d7c                Enqueue
 .text.Dequeue  0x0000000008000de2       0x3c build/queue.o
                0x0000000008000de2                Dequeue
 .text.isEmptyQ
                0x0000000008000e1e       0x2c build/queue.o
                0x0000000008000e1e                isEmptyQ
 .text.ConstructSemaphore
                0x0000000008000e4a       0x42 build/semaphore.o
                0x0000000008000e4a                ConstructSemaphore
 .text.do_sem_down
                0x0000000008000e8c       0x5a build/semaphore.o
                0x0000000008000e8c                do_sem_down
 *fill*         0x0000000008000ee6        0x2 
 .text.do_sem_up
                0x0000000008000ee8       0xc8 build/semaphore.o
                0x0000000008000ee8                do_sem_up
 .text.main     0x0000000008000fb0      0x234 build/main.o
                0x0000000008000fb0                main
 .text.SystemClock_Config
                0x00000000080011e4       0xe8 build/main.o
                0x00000000080011e4                SystemClock_Config
 .text.HAL_UART_RxCpltCallback
                0x00000000080012cc       0xa4 build/main.o
                0x00000000080012cc                HAL_UART_RxCpltCallback
 .text.Error_Handler
                0x0000000008001370        0x6 build/main.o
                0x0000000008001370                Error_Handler
 *fill*         0x0000000008001376        0x2 
 .text.myTask   0x0000000008001378       0xf0 build/mytask.o
                0x0000000008001378                myTask
 .text.myTask2  0x0000000008001468       0xf0 build/mytask.o
                0x0000000008001468                myTask2
 .text.myTask3  0x0000000008001558      0x104 build/mytask.o
                0x0000000008001558                myTask3
 .text.myTask4  0x000000000800165c       0x58 build/mytask.o
                0x000000000800165c                myTask4
 .text.myTask5  0x00000000080016b4       0x5c build/mytask.o
                0x00000000080016b4                myTask5
 .text.myTask6  0x0000000008001710       0x54 build/mytask.o
                0x0000000008001710                myTask6
 .text.delayNaManha
                0x0000000008001764       0x34 build/mytask.o
                0x0000000008001764                delayNaManha
 .text.MX_TIM2_Init
                0x0000000008001798       0x80 build/tim.o
                0x0000000008001798                MX_TIM2_Init
 .text.HAL_TIM_Base_MspInit
                0x0000000008001818       0x48 build/tim.o
                0x0000000008001818                HAL_TIM_Base_MspInit
 .text.NMI_Handler
                0x0000000008001860        0xe build/stm32l4xx_it.o
                0x0000000008001860                NMI_Handler
 .text.HardFault_Handler
                0x000000000800186e        0x6 build/stm32l4xx_it.o
                0x000000000800186e                HardFault_Handler
 .text.MemManage_Handler
                0x0000000008001874        0x6 build/stm32l4xx_it.o
                0x0000000008001874                MemManage_Handler
 .text.BusFault_Handler
                0x000000000800187a        0x6 build/stm32l4xx_it.o
                0x000000000800187a                BusFault_Handler
 .text.UsageFault_Handler
                0x0000000008001880        0x6 build/stm32l4xx_it.o
                0x0000000008001880                UsageFault_Handler
 .text.SVC_Handler
                0x0000000008001886        0xe build/stm32l4xx_it.o
                0x0000000008001886                SVC_Handler
 .text.DebugMon_Handler
                0x0000000008001894        0xe build/stm32l4xx_it.o
                0x0000000008001894                DebugMon_Handler
 *fill*         0x00000000080018a2        0x2 
 .text.PendSV_Handler
                0x00000000080018a4       0x20 build/stm32l4xx_it.o
                0x00000000080018a4                PendSV_Handler
 .text.SysTick_Handler
                0x00000000080018c4       0x10 build/stm32l4xx_it.o
                0x00000000080018c4                SysTick_Handler
 .text.TIM2_IRQHandler
                0x00000000080018d4       0x14 build/stm32l4xx_it.o
                0x00000000080018d4                TIM2_IRQHandler
 .text.UART4_IRQHandler
                0x00000000080018e8       0x14 build/stm32l4xx_it.o
                0x00000000080018e8                UART4_IRQHandler
 .text.ConstructMailBox
                0x00000000080018fc       0x3e build/mailbox.o
                0x00000000080018fc                ConstructMailBox
 .text.put      0x000000000800193a       0x4a build/mailbox.o
                0x000000000800193a                put
 .text.get      0x0000000008001984       0x3e build/mailbox.o
                0x0000000008001984                get
 *fill*         0x00000000080019c2        0x2 
 .text.MX_GPIO_Init
                0x00000000080019c4      0x1b0 build/gpio.o
                0x00000000080019c4                MX_GPIO_Init
 .text.SST_task
                0x0000000008001b74       0xc0 build/sst.o
                0x0000000008001b74                SST_task
 .text.SST_post
                0x0000000008001c34      0x180 build/sst.o
                0x0000000008001c34                SST_post
 *fill*         0x0000000008001db4        0x4 
 .text.SST_schedule_
                0x0000000008001db8      0x244 build/sst.o
                0x0000000008001db8                SST_schedule_
 .text.SystemInit
                0x0000000008001ffc       0x6c build/system_stm32l4xx.o
                0x0000000008001ffc                SystemInit
 .text.HAL_RCC_OscConfig
                0x0000000008002068      0x70c build/stm32l4xx_hal_rcc.o
                0x0000000008002068                HAL_RCC_OscConfig
 .text.HAL_RCC_ClockConfig
                0x0000000008002774      0x244 build/stm32l4xx_hal_rcc.o
                0x0000000008002774                HAL_RCC_ClockConfig
 .text.HAL_RCC_GetSysClockFreq
                0x00000000080029b8      0x1f4 build/stm32l4xx_hal_rcc.o
                0x00000000080029b8                HAL_RCC_GetSysClockFreq
 .text.HAL_RCC_GetHCLKFreq
                0x0000000008002bac       0x18 build/stm32l4xx_hal_rcc.o
                0x0000000008002bac                HAL_RCC_GetHCLKFreq
 .text.HAL_RCC_GetPCLK1Freq
                0x0000000008002bc4       0x44 build/stm32l4xx_hal_rcc.o
                0x0000000008002bc4                HAL_RCC_GetPCLK1Freq
 .text.HAL_RCC_GetPCLK2Freq
                0x0000000008002c08       0x44 build/stm32l4xx_hal_rcc.o
                0x0000000008002c08                HAL_RCC_GetPCLK2Freq
 .text.RCC_SetFlashLatencyFromMSIRange
                0x0000000008002c4c       0xc4 build/stm32l4xx_hal_rcc.o
 .text.HAL_DMA_Abort_IT
                0x0000000008002d10       0x7e build/stm32l4xx_hal_dma.o
                0x0000000008002d10                HAL_DMA_Abort_IT
 *fill*         0x0000000008002d8e        0x2 
 .text.HAL_GPIO_Init
                0x0000000008002d90      0x358 build/stm32l4xx_hal_gpio.o
                0x0000000008002d90                HAL_GPIO_Init
 .text.HAL_GPIO_WritePin
                0x00000000080030e8       0x30 build/stm32l4xx_hal_gpio.o
                0x00000000080030e8                HAL_GPIO_WritePin
 .text.HAL_UART_Init
                0x0000000008003118       0xa2 build/stm32l4xx_hal_uart.o
                0x0000000008003118                HAL_UART_Init
 .text.HAL_UART_Transmit
                0x00000000080031ba      0x11a build/stm32l4xx_hal_uart.o
                0x00000000080031ba                HAL_UART_Transmit
 .text.HAL_UART_Receive_IT
                0x00000000080032d4      0x10e build/stm32l4xx_hal_uart.o
                0x00000000080032d4                HAL_UART_Receive_IT
 *fill*         0x00000000080033e2        0x2 
 .text.HAL_UART_IRQHandler
                0x00000000080033e4      0x24c build/stm32l4xx_hal_uart.o
                0x00000000080033e4                HAL_UART_IRQHandler
 .text.HAL_UART_TxCpltCallback
                0x0000000008003630       0x14 build/stm32l4xx_hal_uart.o
                0x0000000008003630                HAL_UART_TxCpltCallback
 .text.HAL_UART_ErrorCallback
                0x0000000008003644       0x14 build/stm32l4xx_hal_uart.o
                0x0000000008003644                HAL_UART_ErrorCallback
 .text.UART_SetConfig
                0x0000000008003658      0x648 build/stm32l4xx_hal_uart.o
                0x0000000008003658                UART_SetConfig
 .text.UART_AdvFeatureConfig
                0x0000000008003ca0      0x144 build/stm32l4xx_hal_uart.o
                0x0000000008003ca0                UART_AdvFeatureConfig
 .text.UART_CheckIdleState
                0x0000000008003de4       0x92 build/stm32l4xx_hal_uart.o
                0x0000000008003de4                UART_CheckIdleState
 .text.UART_WaitOnFlagUntilTimeout
                0x0000000008003e76       0x94 build/stm32l4xx_hal_uart.o
                0x0000000008003e76                UART_WaitOnFlagUntilTimeout
 .text.UART_EndRxTransfer
                0x0000000008003f0a       0x3c build/stm32l4xx_hal_uart.o
 .text.UART_DMAAbortOnError
                0x0000000008003f46       0x2c build/stm32l4xx_hal_uart.o
 .text.UART_Transmit_IT
                0x0000000008003f72       0xb0 build/stm32l4xx_hal_uart.o
 .text.UART_EndTransmit_IT
                0x0000000008004022       0x30 build/stm32l4xx_hal_uart.o
 .text.UART_Receive_IT
                0x0000000008004052       0xd8 build/stm32l4xx_hal_uart.o
 .text.HAL_TIM_Base_Init
                0x000000000800412a       0x56 build/stm32l4xx_hal_tim.o
                0x000000000800412a                HAL_TIM_Base_Init
 .text.HAL_TIM_IRQHandler
                0x0000000008004180      0x210 build/stm32l4xx_hal_tim.o
                0x0000000008004180                HAL_TIM_IRQHandler
 .text.HAL_TIM_ConfigClockSource
                0x0000000008004390      0x1c4 build/stm32l4xx_hal_tim.o
                0x0000000008004390                HAL_TIM_ConfigClockSource
 .text.HAL_TIM_PeriodElapsedCallback
                0x0000000008004554       0x14 build/stm32l4xx_hal_tim.o
                0x0000000008004554                HAL_TIM_PeriodElapsedCallback
 .text.HAL_TIM_OC_DelayElapsedCallback
                0x0000000008004568       0x14 build/stm32l4xx_hal_tim.o
                0x0000000008004568                HAL_TIM_OC_DelayElapsedCallback
 .text.HAL_TIM_IC_CaptureCallback
                0x000000000800457c       0x14 build/stm32l4xx_hal_tim.o
                0x000000000800457c                HAL_TIM_IC_CaptureCallback
 .text.HAL_TIM_PWM_PulseFinishedCallback
                0x0000000008004590       0x14 build/stm32l4xx_hal_tim.o
                0x0000000008004590                HAL_TIM_PWM_PulseFinishedCallback
 .text.HAL_TIM_TriggerCallback
                0x00000000080045a4       0x14 build/stm32l4xx_hal_tim.o
                0x00000000080045a4                HAL_TIM_TriggerCallback
 .text.TIM_Base_SetConfig
                0x00000000080045b8      0x128 build/stm32l4xx_hal_tim.o
                0x00000000080045b8                TIM_Base_SetConfig
 .text.TIM_TI1_ConfigInputStage
                0x00000000080046e0       0x66 build/stm32l4xx_hal_tim.o
 .text.TIM_TI2_ConfigInputStage
                0x0000000008004746       0x68 build/stm32l4xx_hal_tim.o
 .text.TIM_ITRx_SetConfig
                0x00000000080047ae       0x40 build/stm32l4xx_hal_tim.o
 .text.TIM_ETR_SetConfig
                0x00000000080047ee       0x44 build/stm32l4xx_hal_tim.o
                0x00000000080047ee                TIM_ETR_SetConfig
 .text.HAL_UARTEx_WakeupCallback
                0x0000000008004832       0x14 build/stm32l4xx_hal_uart_ex.o
                0x0000000008004832                HAL_UARTEx_WakeupCallback
 *fill*         0x0000000008004846        0x2 
 .text.HAL_PWREx_GetVoltageRange
                0x0000000008004848       0x1c build/stm32l4xx_hal_pwr_ex.o
                0x0000000008004848                HAL_PWREx_GetVoltageRange
 .text.HAL_PWREx_ControlVoltageScaling
                0x0000000008004864       0xac build/stm32l4xx_hal_pwr_ex.o
                0x0000000008004864                HAL_PWREx_ControlVoltageScaling
 .text.NVIC_SetPriorityGrouping
                0x0000000008004910       0x48 build/stm32l4xx_hal_cortex.o
 .text.NVIC_GetPriorityGrouping
                0x0000000008004958       0x1c build/stm32l4xx_hal_cortex.o
 .text.NVIC_EnableIRQ
                0x0000000008004974       0x34 build/stm32l4xx_hal_cortex.o
 .text.NVIC_SetPriority
                0x00000000080049a8       0x54 build/stm32l4xx_hal_cortex.o
 .text.NVIC_EncodePriority
                0x00000000080049fc       0x62 build/stm32l4xx_hal_cortex.o
 *fill*         0x0000000008004a5e        0x2 
 .text.SysTick_Config
                0x0000000008004a60       0x44 build/stm32l4xx_hal_cortex.o
 .text.HAL_NVIC_SetPriorityGrouping
                0x0000000008004aa4       0x16 build/stm32l4xx_hal_cortex.o
                0x0000000008004aa4                HAL_NVIC_SetPriorityGrouping
 .text.HAL_NVIC_SetPriority
                0x0000000008004aba       0x38 build/stm32l4xx_hal_cortex.o
                0x0000000008004aba                HAL_NVIC_SetPriority
 .text.HAL_NVIC_EnableIRQ
                0x0000000008004af2       0x1c build/stm32l4xx_hal_cortex.o
                0x0000000008004af2                HAL_NVIC_EnableIRQ
 .text.HAL_SYSTICK_Config
                0x0000000008004b0e       0x18 build/stm32l4xx_hal_cortex.o
                0x0000000008004b0e                HAL_SYSTICK_Config
 *fill*         0x0000000008004b26        0x2 
 .text.HAL_SYSTICK_CLKSourceConfig
                0x0000000008004b28       0x38 build/stm32l4xx_hal_cortex.o
                0x0000000008004b28                HAL_SYSTICK_CLKSourceConfig
 .text.HAL_SYSTICK_IRQHandler
                0x0000000008004b60        0xc build/stm32l4xx_hal_cortex.o
                0x0000000008004b60                HAL_SYSTICK_IRQHandler
 .text.HAL_SYSTICK_Callback
                0x0000000008004b6c        0xe build/stm32l4xx_hal_cortex.o
                0x0000000008004b6c                HAL_SYSTICK_Callback
 *fill*         0x0000000008004b7a        0x2 
 .text.HAL_TIMEx_MasterConfigSynchronization
                0x0000000008004b7c       0xa8 build/stm32l4xx_hal_tim_ex.o
                0x0000000008004b7c                HAL_TIMEx_MasterConfigSynchronization
 .text.HAL_TIMEx_CommutationCallback
                0x0000000008004c24       0x14 build/stm32l4xx_hal_tim_ex.o
                0x0000000008004c24                HAL_TIMEx_CommutationCallback
 .text.HAL_TIMEx_BreakCallback
                0x0000000008004c38       0x14 build/stm32l4xx_hal_tim_ex.o
                0x0000000008004c38                HAL_TIMEx_BreakCallback
 .text.HAL_Init
                0x0000000008004c4c       0x1a build/stm32l4xx_hal.o
                0x0000000008004c4c                HAL_Init
 *fill*         0x0000000008004c66        0x2 
 .text.HAL_InitTick
                0x0000000008004c68       0x38 build/stm32l4xx_hal.o
                0x0000000008004c68                HAL_InitTick
 .text.HAL_IncTick
                0x0000000008004ca0       0x1c build/stm32l4xx_hal.o
                0x0000000008004ca0                HAL_IncTick
 .text.HAL_GetTick
                0x0000000008004cbc       0x18 build/stm32l4xx_hal.o
                0x0000000008004cbc                HAL_GetTick
 .text.HAL_RCCEx_PeriphCLKConfig
                0x0000000008004cd4      0x5c8 build/stm32l4xx_hal_rcc_ex.o
                0x0000000008004cd4                HAL_RCCEx_PeriphCLKConfig
 .text.RCCEx_PLLSAI1_Config
                0x000000000800529c      0x2a8 build/stm32l4xx_hal_rcc_ex.o
 .text.RCCEx_PLLSAI2_Config
                0x0000000008005544      0x250 build/stm32l4xx_hal_rcc_ex.o
 .text.Reset_Handler
                0x0000000008005794       0x50 build/startup_stm32l476xx.o
                0x0000000008005794                Reset_Handler
 .text.Default_Handler
                0x00000000080057e4        0x2 build/startup_stm32l476xx.o
                0x00000000080057e4                RTC_Alarm_IRQHandler
                0x00000000080057e4                EXTI2_IRQHandler
                0x00000000080057e4                TIM8_TRG_COM_IRQHandler
                0x00000000080057e4                TIM8_CC_IRQHandler
                0x00000000080057e4                TIM1_CC_IRQHandler
                0x00000000080057e4                TSC_IRQHandler
                0x00000000080057e4                TAMP_STAMP_IRQHandler
                0x00000000080057e4                EXTI3_IRQHandler
                0x00000000080057e4                LPTIM2_IRQHandler
                0x00000000080057e4                DFSDM1_FLT1_IRQHandler
                0x00000000080057e4                I2C3_ER_IRQHandler
                0x00000000080057e4                DFSDM1_FLT2_IRQHandler
                0x00000000080057e4                EXTI0_IRQHandler
                0x00000000080057e4                I2C2_EV_IRQHandler
                0x00000000080057e4                CAN1_RX0_IRQHandler
                0x00000000080057e4                FPU_IRQHandler
                0x00000000080057e4                TIM1_UP_TIM16_IRQHandler
                0x00000000080057e4                ADC1_2_IRQHandler
                0x00000000080057e4                SPI1_IRQHandler
                0x00000000080057e4                TIM6_DAC_IRQHandler
                0x00000000080057e4                TIM8_UP_IRQHandler
                0x00000000080057e4                DMA2_Channel2_IRQHandler
                0x00000000080057e4                DMA1_Channel4_IRQHandler
                0x00000000080057e4                SAI2_IRQHandler
                0x00000000080057e4                DFSDM1_FLT3_IRQHandler
                0x00000000080057e4                USART3_IRQHandler
                0x00000000080057e4                DMA1_Channel7_IRQHandler
                0x00000000080057e4                CAN1_RX1_IRQHandler
                0x00000000080057e4                LCD_IRQHandler
                0x00000000080057e4                UART5_IRQHandler
                0x00000000080057e4                ADC3_IRQHandler
                0x00000000080057e4                TIM4_IRQHandler
                0x00000000080057e4                DMA2_Channel1_IRQHandler
                0x00000000080057e4                QUADSPI_IRQHandler
                0x00000000080057e4                I2C1_EV_IRQHandler
                0x00000000080057e4                DMA1_Channel6_IRQHandler
                0x00000000080057e4                DMA2_Channel4_IRQHandler
                0x00000000080057e4                TIM3_IRQHandler
                0x00000000080057e4                RCC_IRQHandler
                0x00000000080057e4                DMA1_Channel1_IRQHandler
                0x00000000080057e4                Default_Handler
                0x00000000080057e4                DMA2_Channel7_IRQHandler
                0x00000000080057e4                EXTI15_10_IRQHandler
                0x00000000080057e4                TIM7_IRQHandler
                0x00000000080057e4                SDMMC1_IRQHandler
                0x00000000080057e4                TIM5_IRQHandler
                0x00000000080057e4                I2C3_EV_IRQHandler
                0x00000000080057e4                EXTI9_5_IRQHandler
                0x00000000080057e4                RTC_WKUP_IRQHandler
                0x00000000080057e4                PVD_PVM_IRQHandler
                0x00000000080057e4                SPI2_IRQHandler
                0x00000000080057e4                CAN1_TX_IRQHandler
                0x00000000080057e4                DMA2_Channel5_IRQHandler
                0x00000000080057e4                DMA1_Channel5_IRQHandler
                0x00000000080057e4                EXTI4_IRQHandler
                0x00000000080057e4                RNG_IRQHandler
                0x00000000080057e4                TIM1_TRG_COM_TIM17_IRQHandler
                0x00000000080057e4                DMA1_Channel3_IRQHandler
                0x00000000080057e4                COMP_IRQHandler
                0x00000000080057e4                WWDG_IRQHandler
                0x00000000080057e4                LPUART1_IRQHandler
                0x00000000080057e4                DMA2_Channel6_IRQHandler
                0x00000000080057e4                EXTI1_IRQHandler
                0x00000000080057e4                USART2_IRQHandler
                0x00000000080057e4                DFSDM1_FLT0_IRQHandler
                0x00000000080057e4                I2C2_ER_IRQHandler
                0x00000000080057e4                DMA1_Channel2_IRQHandler
                0x00000000080057e4                TIM8_BRK_IRQHandler
                0x00000000080057e4                CAN1_SCE_IRQHandler
                0x00000000080057e4                FLASH_IRQHandler
                0x00000000080057e4                USART1_IRQHandler
                0x00000000080057e4                OTG_FS_IRQHandler
                0x00000000080057e4                SPI3_IRQHandler
                0x00000000080057e4                I2C1_ER_IRQHandler
                0x00000000080057e4                FMC_IRQHandler
                0x00000000080057e4                SWPMI1_IRQHandler
                0x00000000080057e4                LPTIM1_IRQHandler
                0x00000000080057e4                SAI1_IRQHandler
                0x00000000080057e4                DMA2_Channel3_IRQHandler
                0x00000000080057e4                TIM1_BRK_TIM15_IRQHandler
 *fill*         0x00000000080057e6        0x2 
 .text.__libc_init_array
                0x00000000080057e8       0x48 /usr/lib/gcc/arm-none-eabi/6.2.0/../../../../arm-none-eabi/lib/armv7e-m/fpu/libc_nano.a(lib_a-init.o)
                0x00000000080057e8                __libc_init_array
 .text.memset   0x0000000008005830       0x10 /usr/lib/gcc/arm-none-eabi/6.2.0/../../../../arm-none-eabi/lib/armv7e-m/fpu/libc_nano.a(lib_a-memset.o)
                0x0000000008005830                memset
 .text._free_r  0x0000000008005840       0x88 /usr/lib/gcc/arm-none-eabi/6.2.0/../../../../arm-none-eabi/lib/armv7e-m/fpu/libc_nano.a(lib_a-nano-freer.o)
                0x0000000008005840                _free_r
 .text._malloc_r
                0x00000000080058c8       0xa4 /usr/lib/gcc/arm-none-eabi/6.2.0/../../../../arm-none-eabi/lib/armv7e-m/fpu/libc_nano.a(lib_a-nano-mallocr.o)
                0x00000000080058c8                _malloc_r
 .text._puts_r  0x000000000800596c       0xb8 /usr/lib/gcc/arm-none-eabi/6.2.0/../../../../arm-none-eabi/lib/armv7e-m/fpu/libc_nano.a(lib_a-puts.o)
                0x000000000800596c                _puts_r
 .text.puts     0x0000000008005a24       0x10 /usr/lib/gcc/arm-none-eabi/6.2.0/../../../../arm-none-eabi/lib/armv7e-m/fpu/libc_nano.a(lib_a-puts.o)
                0x0000000008005a24                puts
 .text._sbrk_r  0x0000000008005a34       0x20 /usr/lib/gcc/arm-none-eabi/6.2.0/../../../../arm-none-eabi/lib/armv7e-m/fpu/libc_nano.a(lib_a-sbrkr.o)
                0x0000000008005a34                _sbrk_r
 .text.sprintf  0x0000000008005a54       0x48 /usr/lib/gcc/arm-none-eabi/6.2.0/../../../../arm-none-eabi/lib/armv7e-m/fpu/libc_nano.a(lib_a-sprintf.o)
                0x0000000008005a54                sprintf
                0x0000000008005a54                siprintf
 .text.__swbuf_r
                0x0000000008005a9c       0xa4 /usr/lib/gcc/arm-none-eabi/6.2.0/../../../../arm-none-eabi/lib/armv7e-m/fpu/libc_nano.a(lib_a-wbuf.o)
                0x0000000008005a9c                __swbuf_r
 .text.__swsetup_r
                0x0000000008005b40       0xdc /usr/lib/gcc/arm-none-eabi/6.2.0/../../../../arm-none-eabi/lib/armv7e-m/fpu/libc_nano.a(lib_a-wsetup.o)
                0x0000000008005b40                __swsetup_r
 .text.__sflush_r
                0x0000000008005c1c      0x110 /usr/lib/gcc/arm-none-eabi/6.2.0/../../../../arm-none-eabi/lib/armv7e-m/fpu/libc_nano.a(lib_a-fflush.o)
                0x0000000008005c1c                __sflush_r
 .text._fflush_r
                0x0000000008005d2c       0x54 /usr/lib/gcc/arm-none-eabi/6.2.0/../../../../arm-none-eabi/lib/armv7e-m/fpu/libc_nano.a(lib_a-fflush.o)
                0x0000000008005d2c                _fflush_r
 .text._cleanup_r
                0x0000000008005d80        0xc /usr/lib/gcc/arm-none-eabi/6.2.0/../../../../arm-none-eabi/lib/armv7e-m/fpu/libc_nano.a(lib_a-findfp.o)
                0x0000000008005d80                _cleanup_r
 .text.std.isra.0
                0x0000000008005d8c       0x48 /usr/lib/gcc/arm-none-eabi/6.2.0/../../../../arm-none-eabi/lib/armv7e-m/fpu/libc_nano.a(lib_a-findfp.o)
 .text.__sfmoreglue
                0x0000000008005dd4       0x2c /usr/lib/gcc/arm-none-eabi/6.2.0/../../../../arm-none-eabi/lib/armv7e-m/fpu/libc_nano.a(lib_a-findfp.o)
                0x0000000008005dd4                __sfmoreglue
 .text.__sinit  0x0000000008005e00       0x60 /usr/lib/gcc/arm-none-eabi/6.2.0/../../../../arm-none-eabi/lib/armv7e-m/fpu/libc_nano.a(lib_a-findfp.o)
                0x0000000008005e00                __sinit
 .text.__sfp    0x0000000008005e60       0x78 /usr/lib/gcc/arm-none-eabi/6.2.0/../../../../arm-none-eabi/lib/armv7e-m/fpu/libc_nano.a(lib_a-findfp.o)
                0x0000000008005e60                __sfp
 .text._fwalk_reent
                0x0000000008005ed8       0x3c /usr/lib/gcc/arm-none-eabi/6.2.0/../../../../arm-none-eabi/lib/armv7e-m/fpu/libc_nano.a(lib_a-fwalk.o)
                0x0000000008005ed8                _fwalk_reent
 .text.__swhatbuf_r
                0x0000000008005f14       0x48 /usr/lib/gcc/arm-none-eabi/6.2.0/../../../../arm-none-eabi/lib/armv7e-m/fpu/libc_nano.a(lib_a-makebuf.o)
                0x0000000008005f14                __swhatbuf_r
 .text.__smakebuf_r
                0x0000000008005f5c       0x78 /usr/lib/gcc/arm-none-eabi/6.2.0/../../../../arm-none-eabi/lib/armv7e-m/fpu/libc_nano.a(lib_a-makebuf.o)
                0x0000000008005f5c                __smakebuf_r
 .text.__ssputs_r
                0x0000000008005fd4       0xb6 /usr/lib/gcc/arm-none-eabi/6.2.0/../../../../arm-none-eabi/lib/armv7e-m/fpu/libc_nano.a(lib_a-nano-svfprintf.o)
                0x0000000008005fd4                __ssputs_r
 *fill*         0x000000000800608a        0x2 
 .text._svfprintf_r
                0x000000000800608c      0x1e8 /usr/lib/gcc/arm-none-eabi/6.2.0/../../../../arm-none-eabi/lib/armv7e-m/fpu/libc_nano.a(lib_a-nano-svfprintf.o)
                0x000000000800608c                _svfprintf_r
                0x000000000800608c                _svfiprintf_r
 .text._printf_common
                0x0000000008006274       0xec /usr/lib/gcc/arm-none-eabi/6.2.0/../../../../arm-none-eabi/lib/armv7e-m/fpu/libc_nano.a(lib_a-nano-vfprintf_i.o)
                0x0000000008006274                _printf_common
 .text._printf_i
                0x0000000008006360      0x240 /usr/lib/gcc/arm-none-eabi/6.2.0/../../../../arm-none-eabi/lib/armv7e-m/fpu/libc_nano.a(lib_a-nano-vfprintf_i.o)
                0x0000000008006360                _printf_i
 .text.__sread  0x00000000080065a0       0x22 /usr/lib/gcc/arm-none-eabi/6.2.0/../../../../arm-none-eabi/lib/armv7e-m/fpu/libc_nano.a(lib_a-stdio.o)
                0x00000000080065a0                __sread
 .text.__swrite
                0x00000000080065c2       0x38 /usr/lib/gcc/arm-none-eabi/6.2.0/../../../../arm-none-eabi/lib/armv7e-m/fpu/libc_nano.a(lib_a-stdio.o)
                0x00000000080065c2                __swrite
 .text.__sseek  0x00000000080065fa       0x24 /usr/lib/gcc/arm-none-eabi/6.2.0/../../../../arm-none-eabi/lib/armv7e-m/fpu/libc_nano.a(lib_a-stdio.o)
                0x00000000080065fa                __sseek
 .text.__sclose
                0x000000000800661e        0x8 /usr/lib/gcc/arm-none-eabi/6.2.0/../../../../arm-none-eabi/lib/armv7e-m/fpu/libc_nano.a(lib_a-stdio.o)
                0x000000000800661e                __sclose
 *fill*         0x0000000008006626        0x2 
 .text._write_r
                0x0000000008006628       0x24 /usr/lib/gcc/arm-none-eabi/6.2.0/../../../../arm-none-eabi/lib/armv7e-m/fpu/libc_nano.a(lib_a-writer.o)
                0x0000000008006628                _write_r
 .text._close_r
                0x000000000800664c       0x20 /usr/lib/gcc/arm-none-eabi/6.2.0/../../../../arm-none-eabi/lib/armv7e-m/fpu/libc_nano.a(lib_a-closer.o)
                0x000000000800664c                _close_r
 .text._fstat_r
                0x000000000800666c       0x24 /usr/lib/gcc/arm-none-eabi/6.2.0/../../../../arm-none-eabi/lib/armv7e-m/fpu/libc_nano.a(lib_a-fstatr.o)
                0x000000000800666c                _fstat_r
 .text._isatty_r
                0x0000000008006690       0x20 /usr/lib/gcc/arm-none-eabi/6.2.0/../../../../arm-none-eabi/lib/armv7e-m/fpu/libc_nano.a(lib_a-isattyr.o)
                0x0000000008006690                _isatty_r
 .text._lseek_r
                0x00000000080066b0       0x24 /usr/lib/gcc/arm-none-eabi/6.2.0/../../../../arm-none-eabi/lib/armv7e-m/fpu/libc_nano.a(lib_a-lseekr.o)
                0x00000000080066b0                _lseek_r
 .text.memcpy   0x00000000080066d4       0x16 /usr/lib/gcc/arm-none-eabi/6.2.0/../../../../arm-none-eabi/lib/armv7e-m/fpu/libc_nano.a(lib_a-memcpy-stub.o)
                0x00000000080066d4                memcpy
 .text.memmove  0x00000000080066ea       0x34 /usr/lib/gcc/arm-none-eabi/6.2.0/../../../../arm-none-eabi/lib/armv7e-m/fpu/libc_nano.a(lib_a-memmove.o)
                0x00000000080066ea                memmove
 .text._realloc_r
                0x000000000800671e       0x4c /usr/lib/gcc/arm-none-eabi/6.2.0/../../../../arm-none-eabi/lib/armv7e-m/fpu/libc_nano.a(lib_a-nano-reallocr.o)
                0x000000000800671e                _realloc_r
 *fill*         0x000000000800676a        0x2 
 .text._read_r  0x000000000800676c       0x24 /usr/lib/gcc/arm-none-eabi/6.2.0/../../../../arm-none-eabi/lib/armv7e-m/fpu/libc_nano.a(lib_a-readr.o)
                0x000000000800676c                _read_r
 .text._malloc_usable_size_r
                0x0000000008006790       0x12 /usr/lib/gcc/arm-none-eabi/6.2.0/../../../../arm-none-eabi/lib/armv7e-m/fpu/libc_nano.a(lib_a-nano-msizer.o)
                0x0000000008006790                _malloc_usable_size_r
 *fill*         0x00000000080067a2        0x2 
 .text.log      0x00000000080067a4      0x108 /usr/lib/gcc/arm-none-eabi/6.2.0/../../../../arm-none-eabi/lib/armv7e-m/fpu/libm.a(lib_a-w_log.o)
                0x00000000080067a4                log
 *fill*         0x00000000080068ac        0x4 
 .text.__ieee754_log
                0x00000000080068b0      0x408 /usr/lib/gcc/arm-none-eabi/6.2.0/../../../../arm-none-eabi/lib/armv7e-m/fpu/libm.a(lib_a-e_log.o)
                0x00000000080068b0                __ieee754_log
 .text.matherr  0x0000000008006cb8        0x4 /usr/lib/gcc/arm-none-eabi/6.2.0/../../../../arm-none-eabi/lib/armv7e-m/fpu/libm.a(lib_a-s_matherr.o)
                0x0000000008006cb8                matherr
 *fill*         0x0000000008006cbc        0x4 
 .text.nan      0x0000000008006cc0       0x10 /usr/lib/gcc/arm-none-eabi/6.2.0/../../../../arm-none-eabi/lib/armv7e-m/fpu/libm.a(lib_a-s_nan.o)
                0x0000000008006cc0                nan
 .text._close   0x0000000008006cd0       0x10 /usr/lib/gcc/arm-none-eabi/6.2.0/../../../../arm-none-eabi/lib/armv7e-m/fpu/libnosys.a(close.o)
                0x0000000008006cd0                _close
 .text._fstat   0x0000000008006ce0       0x10 /usr/lib/gcc/arm-none-eabi/6.2.0/../../../../arm-none-eabi/lib/armv7e-m/fpu/libnosys.a(fstat.o)
                0x0000000008006ce0                _fstat
 .text._isatty  0x0000000008006cf0       0x10 /usr/lib/gcc/arm-none-eabi/6.2.0/../../../../arm-none-eabi/lib/armv7e-m/fpu/libnosys.a(isatty.o)
                0x0000000008006cf0                _isatty
 .text._lseek   0x0000000008006d00       0x10 /usr/lib/gcc/arm-none-eabi/6.2.0/../../../../arm-none-eabi/lib/armv7e-m/fpu/libnosys.a(lseek.o)
                0x0000000008006d00                _lseek
 .text._read    0x0000000008006d10       0x10 /usr/lib/gcc/arm-none-eabi/6.2.0/../../../../arm-none-eabi/lib/armv7e-m/fpu/libnosys.a(read.o)
                0x0000000008006d10                _read
 .text._sbrk    0x0000000008006d20       0x1c /usr/lib/gcc/arm-none-eabi/6.2.0/../../../../arm-none-eabi/lib/armv7e-m/fpu/libnosys.a(sbrk.o)
                0x0000000008006d20                _sbrk
 .text._write   0x0000000008006d3c       0x10 /usr/lib/gcc/arm-none-eabi/6.2.0/../../../../arm-none-eabi/lib/armv7e-m/fpu/libnosys.a(write.o)
                0x0000000008006d3c                _write
 .text.__fixunsdfdi
                0x0000000008006d4c       0x48 /usr/lib/gcc/arm-none-eabi/6.2.0/armv7e-m/fpu/libgcc.a(_fixunsdfdi.o)
                0x0000000008006d4c                __aeabi_d2ulz
                0x0000000008006d4c                __fixunsdfdi
 .text.__udivmoddi4
                0x0000000008006d94      0x2b8 /usr/lib/gcc/arm-none-eabi/6.2.0/armv7e-m/fpu/libgcc.a(_udivmoddi4.o)
                0x0000000008006d94                __udivmoddi4
 .text.__errno  0x000000000800704c        0xc /usr/lib/gcc/arm-none-eabi/6.2.0/../../../../arm-none-eabi/lib/armv7e-m/fpu/libc_nano.a(lib_a-errno.o)
                0x000000000800704c                __errno
 *(.glue_7)
 .glue_7        0x0000000008007058        0x0 linker stubs
 *(.glue_7t)
 .glue_7t       0x0000000008007058        0x0 linker stubs
 *(.eh_frame)
 .eh_frame      0x0000000008007058        0x0 /usr/lib/gcc/arm-none-eabi/6.2.0/armv7e-m/fpu/crtbegin.o
 *(.init)
 .init          0x0000000008007058        0x4 /usr/lib/gcc/arm-none-eabi/6.2.0/armv7e-m/fpu/crti.o
                0x0000000008007058                _init
 .init          0x000000000800705c        0x8 /usr/lib/gcc/arm-none-eabi/6.2.0/armv7e-m/fpu/crtn.o
 *(.fini)
 .fini          0x0000000008007064        0x4 /usr/lib/gcc/arm-none-eabi/6.2.0/armv7e-m/fpu/crti.o
                0x0000000008007064                _fini
 .fini          0x0000000008007068        0x8 /usr/lib/gcc/arm-none-eabi/6.2.0/armv7e-m/fpu/crtn.o
                0x0000000008007070                . = ALIGN (0x8)
                0x0000000008007070                _etext = .

.vfp11_veneer   0x0000000008007070        0x0
 .vfp11_veneer  0x0000000008007070        0x0 linker stubs

.v4_bx          0x0000000008007070        0x0
 .v4_bx         0x0000000008007070        0x0 linker stubs

.iplt           0x0000000008007070        0x0
 .iplt          0x0000000008007070        0x0 /usr/lib/gcc/arm-none-eabi/6.2.0/armv7e-m/fpu/crtbegin.o

.rodata         0x0000000008007070      0x2d0
                0x0000000008007070                . = ALIGN (0x8)
 *(.rodata)
 .rodata        0x0000000008007070       0x3d build/main.o
 *fill*         0x00000000080070ad        0x3 
 .rodata        0x00000000080070b0       0xe5 build/mytask.o
 *fill*         0x0000000008007195        0x3 
 .rodata        0x0000000008007198       0xb8 build/sst.o
 *(.rodata*)
 .rodata.AHBPrescTable
                0x0000000008007250       0x10 build/system_stm32l4xx.o
                0x0000000008007250                AHBPrescTable
 .rodata.APBPrescTable
                0x0000000008007260        0x8 build/system_stm32l4xx.o
                0x0000000008007260                APBPrescTable
 .rodata.MSIRangeTable
                0x0000000008007268       0x30 build/system_stm32l4xx.o
                0x0000000008007268                MSIRangeTable
 .rodata._global_impure_ptr
                0x0000000008007298        0x4 /usr/lib/gcc/arm-none-eabi/6.2.0/../../../../arm-none-eabi/lib/armv7e-m/fpu/libc_nano.a(lib_a-impure.o)
                0x0000000008007298                _global_impure_ptr
 .rodata.str1.1
                0x000000000800729c        0x2 /usr/lib/gcc/arm-none-eabi/6.2.0/../../../../arm-none-eabi/lib/armv7e-m/fpu/libc_nano.a(lib_a-impure.o)
 *fill*         0x000000000800729e        0x2 
 .rodata.__sf_fake_stderr
                0x00000000080072a0       0x20 /usr/lib/gcc/arm-none-eabi/6.2.0/../../../../arm-none-eabi/lib/armv7e-m/fpu/libc_nano.a(lib_a-findfp.o)
                0x00000000080072a0                __sf_fake_stderr
 .rodata.__sf_fake_stdin
                0x00000000080072c0       0x20 /usr/lib/gcc/arm-none-eabi/6.2.0/../../../../arm-none-eabi/lib/armv7e-m/fpu/libc_nano.a(lib_a-findfp.o)
                0x00000000080072c0                __sf_fake_stdin
 .rodata.__sf_fake_stdout
                0x00000000080072e0       0x20 /usr/lib/gcc/arm-none-eabi/6.2.0/../../../../arm-none-eabi/lib/armv7e-m/fpu/libc_nano.a(lib_a-findfp.o)
                0x00000000080072e0                __sf_fake_stdout
 .rodata._svfprintf_r.str1.1
                0x0000000008007300       0x11 /usr/lib/gcc/arm-none-eabi/6.2.0/../../../../arm-none-eabi/lib/armv7e-m/fpu/libc_nano.a(lib_a-nano-svfprintf.o)
 .rodata._printf_i.str1.1
                0x0000000008007311       0x22 /usr/lib/gcc/arm-none-eabi/6.2.0/../../../../arm-none-eabi/lib/armv7e-m/fpu/libc_nano.a(lib_a-nano-vfprintf_i.o)
 *fill*         0x0000000008007333        0x1 
 .rodata.log.str1.4
                0x0000000008007334        0x8 /usr/lib/gcc/arm-none-eabi/6.2.0/../../../../arm-none-eabi/lib/armv7e-m/fpu/libm.a(lib_a-w_log.o)
                                          0x5 (size before relaxing)
                0x0000000008007340                . = ALIGN (0x8)
 *fill*         0x000000000800733c        0x4 

.ARM.extab      0x0000000008007340        0x0
                0x0000000008007340                . = ALIGN (0x8)
 *(.ARM.extab* .gnu.linkonce.armextab.*)
                0x0000000008007340                . = ALIGN (0x8)

.ARM            0x0000000008007340        0x8
                0x0000000008007340                . = ALIGN (0x8)
                0x0000000008007340                __exidx_start = .
 *(.ARM.exidx*)
 .ARM.exidx.text.__udivmoddi4
                0x0000000008007340        0x8 /usr/lib/gcc/arm-none-eabi/6.2.0/armv7e-m/fpu/libgcc.a(_udivmoddi4.o)
                0x0000000008007348                __exidx_end = .
                0x0000000008007348                . = ALIGN (0x8)

.rel.dyn        0x0000000008007348        0x0
 .rel.iplt      0x0000000008007348        0x0 /usr/lib/gcc/arm-none-eabi/6.2.0/armv7e-m/fpu/crtbegin.o

.preinit_array  0x0000000008007348        0x0
                0x0000000008007348                . = ALIGN (0x8)
                0x0000000008007348                PROVIDE (__preinit_array_start, .)
 *(.preinit_array*)
                0x0000000008007348                PROVIDE (__preinit_array_end, .)
                0x0000000008007348                . = ALIGN (0x8)

.init_array     0x0000000008007348        0x8
                0x0000000008007348                . = ALIGN (0x8)
                0x0000000008007348                PROVIDE (__init_array_start, .)
 *(SORT(.init_array.*))
 *(.init_array*)
 .init_array    0x0000000008007348        0x4 /usr/lib/gcc/arm-none-eabi/6.2.0/armv7e-m/fpu/crtbegin.o
                0x000000000800734c                PROVIDE (__init_array_end, .)
                0x0000000008007350                . = ALIGN (0x8)
 *fill*         0x000000000800734c        0x4 

.fini_array     0x0000000008007350        0x8
                0x0000000008007350                . = ALIGN (0x8)
                0x0000000008007350                PROVIDE (__fini_array_start, .)
 *(SORT(.fini_array.*))
 *(.fini_array*)
 .fini_array    0x0000000008007350        0x4 /usr/lib/gcc/arm-none-eabi/6.2.0/armv7e-m/fpu/crtbegin.o
                0x0000000008007354                PROVIDE (__fini_array_end, .)
                0x0000000008007358                . = ALIGN (0x8)
 *fill*         0x0000000008007354        0x4 
                0x0000000008007358                _sidata = LOADADDR (.data)

.data           0x0000000020000000       0x70 load address 0x0000000008007358
                0x0000000020000000                . = ALIGN (0x8)
                0x0000000020000000                _sdata = .
 *(.data)
 *(.data*)
 .data.SystemCoreClock
                0x0000000020000000        0x4 build/system_stm32l4xx.o
                0x0000000020000000                SystemCoreClock
 .data._impure_ptr
                0x0000000020000004        0x4 /usr/lib/gcc/arm-none-eabi/6.2.0/../../../../arm-none-eabi/lib/armv7e-m/fpu/libc_nano.a(lib_a-impure.o)
                0x0000000020000004                _impure_ptr
 .data.impure_data
                0x0000000020000008       0x60 /usr/lib/gcc/arm-none-eabi/6.2.0/../../../../arm-none-eabi/lib/armv7e-m/fpu/libc_nano.a(lib_a-impure.o)
 .data.__fdlib_version
                0x0000000020000068        0x1 /usr/lib/gcc/arm-none-eabi/6.2.0/../../../../arm-none-eabi/lib/armv7e-m/fpu/libm.a(lib_a-s_lib_ver.o)
                0x0000000020000068                __fdlib_version
                0x0000000020000070                . = ALIGN (0x8)
 *fill*         0x0000000020000069        0x7 
                0x0000000020000070                _edata = .

.jcr            0x0000000020000070        0x0 load address 0x00000000080073c8
 .jcr           0x0000000020000070        0x0 /usr/lib/gcc/arm-none-eabi/6.2.0/armv7e-m/fpu/crtbegin.o

.igot.plt       0x0000000020000070        0x0 load address 0x00000000080073c8
 .igot.plt      0x0000000020000070        0x0 /usr/lib/gcc/arm-none-eabi/6.2.0/armv7e-m/fpu/crtbegin.o
                0x0000000020000070                . = ALIGN (0x4)

.bss            0x0000000020000070     0x13a8 load address 0x00000000080073c8
                0x0000000020000070                _sbss = .
                0x0000000020000070                __bss_start__ = _sbss
 *(.bss)
 *(.bss*)
 .bss.completed.9630
                0x0000000020000070        0x1 /usr/lib/gcc/arm-none-eabi/6.2.0/armv7e-m/fpu/crtbegin.o
 *fill*         0x0000000020000071        0x3 
 .bss.object.9635
                0x0000000020000074       0x18 /usr/lib/gcc/arm-none-eabi/6.2.0/armv7e-m/fpu/crtbegin.o
 .bss.send      0x000000002000008c       0x14 build/main.o
                0x000000002000008c                send
 .bss.Rx1       0x00000000200000a0        0x1 build/main.o
                0x00000000200000a0                Rx1
 *fill*         0x00000000200000a1        0x3 
 .bss.sendMSG   0x00000000200000a4       0x28 build/mytask.o
                0x00000000200000a4                sendMSG
 *fill*         0x00000000200000cc        0x4 
 .bss.SST_currPrio_
                0x00000000200000d0        0x8 build/sst.o
                0x00000000200000d0                SST_currPrio_
 .bss.SST_readySet_
                0x00000000200000d8        0x8 build/sst.o
                0x00000000200000d8                SST_readySet_
 .bss.l_taskCB  0x00000000200000e0     0x1000 build/sst.o
 .bss.__malloc_free_list
                0x00000000200010e0        0x4 /usr/lib/gcc/arm-none-eabi/6.2.0/../../../../arm-none-eabi/lib/armv7e-m/fpu/libc_nano.a(lib_a-nano-mallocr.o)
                0x00000000200010e0                __malloc_free_list
 .bss.__malloc_sbrk_start
                0x00000000200010e4        0x4 /usr/lib/gcc/arm-none-eabi/6.2.0/../../../../arm-none-eabi/lib/armv7e-m/fpu/libc_nano.a(lib_a-nano-mallocr.o)
                0x00000000200010e4                __malloc_sbrk_start
 .bss.heap_end.5215
                0x00000000200010e8        0x4 /usr/lib/gcc/arm-none-eabi/6.2.0/../../../../arm-none-eabi/lib/armv7e-m/fpu/libnosys.a(sbrk.o)
 *(COMMON)
 COMMON         0x00000000200010ec       0x70 build/usart.o
                0x00000000200010ec                huart4
 COMMON         0x000000002000115c        0x1 build/main.o
                0x000000002000115c                receive1
 *fill*         0x000000002000115d        0x3 
 COMMON         0x0000000020001160      0x270 build/mytask.o
                0x0000000020001160                myTask_EQ
                0x00000000200011a0                myTask2_EQ
                0x00000000200011f0                myTask3_EQ
                0x0000000020001250                myTask6_EQ
                0x00000000200012e0                myTask5_EQ
                0x0000000020001360                myTask4_EQ
 COMMON         0x00000000200013d0       0x3c build/tim.o
                0x00000000200013d0                htim2
 COMMON         0x000000002000140c        0x4 build/stm32l4xx_it.o
                0x000000002000140c                pendsv_counter
 COMMON         0x0000000020001410        0x4 build/stm32l4xx_hal.o
                0x0000000020001410                uwTick
 COMMON         0x0000000020001414        0x4 /usr/lib/gcc/arm-none-eabi/6.2.0/../../../../arm-none-eabi/lib/armv7e-m/fpu/libc_nano.a(lib_a-reent.o)
                0x0000000020001414                errno
                0x0000000020001418                . = ALIGN (0x4)
                0x0000000020001418                _ebss = .
                0x0000000020001418                __bss_end__ = _ebss

._user_heap_stack
                0x0000000020001418      0x600 load address 0x00000000080073c8
                0x0000000020001418                . = ALIGN (0x8)
                0x0000000020001418                PROVIDE (end, .)
                [!provide]                        PROVIDE (_end, .)
                0x0000000020001618                . = (. + _Min_Heap_Size)
 *fill*         0x0000000020001418      0x200 
                0x0000000020001a18                . = (. + _Min_Stack_Size)
 *fill*         0x0000000020001618      0x400 
                0x0000000020001a18                . = ALIGN (0x8)

/DISCARD/
 libc.a(*)
 libm.a(*)
 libgcc.a(*)

.ARM.attributes
                0x0000000000000000       0x30
 *(.ARM.attributes)
 .ARM.attributes
                0x0000000000000000       0x22 /usr/lib/gcc/arm-none-eabi/6.2.0/armv7e-m/fpu/crti.o
 .ARM.attributes
                0x0000000000000022       0x34 /usr/lib/gcc/arm-none-eabi/6.2.0/armv7e-m/fpu/crtbegin.o
 .ARM.attributes
                0x0000000000000056       0x39 build/stm32l4xx_hal_msp.o
 .ARM.attributes
                0x000000000000008f       0x39 build/usart.o
 .ARM.attributes
                0x00000000000000c8       0x39 build/queue.o
 .ARM.attributes
                0x0000000000000101       0x39 build/semaphore.o
 .ARM.attributes
                0x000000000000013a       0x39 build/main.o
 .ARM.attributes
                0x0000000000000173       0x39 build/mytask.o
 .ARM.attributes
                0x00000000000001ac       0x39 build/tim.o
 .ARM.attributes
                0x00000000000001e5       0x39 build/stm32l4xx_it.o
 .ARM.attributes
                0x000000000000021e       0x39 build/mailbox.o
 .ARM.attributes
                0x0000000000000257       0x39 build/gpio.o
 .ARM.attributes
                0x0000000000000290       0x39 build/sst.o
 .ARM.attributes
                0x00000000000002c9       0x39 build/system_stm32l4xx.o
 .ARM.attributes
                0x0000000000000302       0x39 build/stm32l4xx_hal_rcc.o
 .ARM.attributes
                0x000000000000033b       0x39 build/stm32l4xx_hal_dma.o
 .ARM.attributes
                0x0000000000000374       0x39 build/stm32l4xx_hal_gpio.o
 .ARM.attributes
                0x00000000000003ad       0x39 build/stm32l4xx_hal_uart.o
 .ARM.attributes
                0x00000000000003e6       0x39 build/stm32l4xx_hal_tim.o
 .ARM.attributes
                0x000000000000041f       0x39 build/stm32l4xx_hal_uart_ex.o
 .ARM.attributes
                0x0000000000000458       0x39 build/stm32l4xx_hal_pwr_ex.o
 .ARM.attributes
                0x0000000000000491       0x39 build/stm32l4xx_hal_cortex.o
 .ARM.attributes
                0x00000000000004ca       0x39 build/stm32l4xx_hal_tim_ex.o
 .ARM.attributes
                0x0000000000000503       0x39 build/stm32l4xx_hal.o
 .ARM.attributes
                0x000000000000053c       0x39 build/stm32l4xx_hal_rcc_ex.o
 .ARM.attributes
                0x0000000000000575       0x21 build/startup_stm32l476xx.o
 .ARM.attributes
                0x0000000000000596       0x34 /usr/lib/gcc/arm-none-eabi/6.2.0/../../../../arm-none-eabi/lib/armv7e-m/fpu/libc_nano.a(lib_a-impure.o)
 .ARM.attributes
                0x00000000000005ca       0x34 /usr/lib/gcc/arm-none-eabi/6.2.0/../../../../arm-none-eabi/lib/armv7e-m/fpu/libc_nano.a(lib_a-init.o)
 .ARM.attributes
                0x00000000000005fe       0x34 /usr/lib/gcc/arm-none-eabi/6.2.0/../../../../arm-none-eabi/lib/armv7e-m/fpu/libc_nano.a(lib_a-memset.o)
 .ARM.attributes
                0x0000000000000632       0x34 /usr/lib/gcc/arm-none-eabi/6.2.0/../../../../arm-none-eabi/lib/armv7e-m/fpu/libc_nano.a(lib_a-nano-freer.o)
 .ARM.attributes
                0x0000000000000666       0x34 /usr/lib/gcc/arm-none-eabi/6.2.0/../../../../arm-none-eabi/lib/armv7e-m/fpu/libc_nano.a(lib_a-nano-mallocr.o)
 .ARM.attributes
                0x000000000000069a       0x34 /usr/lib/gcc/arm-none-eabi/6.2.0/../../../../arm-none-eabi/lib/armv7e-m/fpu/libc_nano.a(lib_a-puts.o)
 .ARM.attributes
                0x00000000000006ce       0x34 /usr/lib/gcc/arm-none-eabi/6.2.0/../../../../arm-none-eabi/lib/armv7e-m/fpu/libc_nano.a(lib_a-sbrkr.o)
 .ARM.attributes
                0x0000000000000702       0x34 /usr/lib/gcc/arm-none-eabi/6.2.0/../../../../arm-none-eabi/lib/armv7e-m/fpu/libc_nano.a(lib_a-sprintf.o)
 .ARM.attributes
                0x0000000000000736       0x34 /usr/lib/gcc/arm-none-eabi/6.2.0/../../../../arm-none-eabi/lib/armv7e-m/fpu/libc_nano.a(lib_a-wbuf.o)
 .ARM.attributes
                0x000000000000076a       0x34 /usr/lib/gcc/arm-none-eabi/6.2.0/../../../../arm-none-eabi/lib/armv7e-m/fpu/libc_nano.a(lib_a-wsetup.o)
 .ARM.attributes
                0x000000000000079e       0x34 /usr/lib/gcc/arm-none-eabi/6.2.0/../../../../arm-none-eabi/lib/armv7e-m/fpu/libc_nano.a(lib_a-fflush.o)
 .ARM.attributes
                0x00000000000007d2       0x34 /usr/lib/gcc/arm-none-eabi/6.2.0/../../../../arm-none-eabi/lib/armv7e-m/fpu/libc_nano.a(lib_a-findfp.o)
 .ARM.attributes
                0x0000000000000806       0x34 /usr/lib/gcc/arm-none-eabi/6.2.0/../../../../arm-none-eabi/lib/armv7e-m/fpu/libc_nano.a(lib_a-fwalk.o)
 .ARM.attributes
                0x000000000000083a       0x34 /usr/lib/gcc/arm-none-eabi/6.2.0/../../../../arm-none-eabi/lib/armv7e-m/fpu/libc_nano.a(lib_a-makebuf.o)
 .ARM.attributes
                0x000000000000086e       0x34 /usr/lib/gcc/arm-none-eabi/6.2.0/../../../../arm-none-eabi/lib/armv7e-m/fpu/libc_nano.a(lib_a-nano-svfprintf.o)
 .ARM.attributes
                0x00000000000008a2       0x34 /usr/lib/gcc/arm-none-eabi/6.2.0/../../../../arm-none-eabi/lib/armv7e-m/fpu/libc_nano.a(lib_a-nano-vfprintf_i.o)
 .ARM.attributes
                0x00000000000008d6       0x34 /usr/lib/gcc/arm-none-eabi/6.2.0/../../../../arm-none-eabi/lib/armv7e-m/fpu/libc_nano.a(lib_a-reent.o)
 .ARM.attributes
                0x000000000000090a       0x34 /usr/lib/gcc/arm-none-eabi/6.2.0/../../../../arm-none-eabi/lib/armv7e-m/fpu/libc_nano.a(lib_a-stdio.o)
 .ARM.attributes
                0x000000000000093e       0x34 /usr/lib/gcc/arm-none-eabi/6.2.0/../../../../arm-none-eabi/lib/armv7e-m/fpu/libc_nano.a(lib_a-writer.o)
 .ARM.attributes
                0x0000000000000972       0x34 /usr/lib/gcc/arm-none-eabi/6.2.0/../../../../arm-none-eabi/lib/armv7e-m/fpu/libc_nano.a(lib_a-closer.o)
 .ARM.attributes
                0x00000000000009a6       0x34 /usr/lib/gcc/arm-none-eabi/6.2.0/../../../../arm-none-eabi/lib/armv7e-m/fpu/libc_nano.a(lib_a-fstatr.o)
 .ARM.attributes
                0x00000000000009da       0x34 /usr/lib/gcc/arm-none-eabi/6.2.0/../../../../arm-none-eabi/lib/armv7e-m/fpu/libc_nano.a(lib_a-isattyr.o)
 .ARM.attributes
                0x0000000000000a0e       0x34 /usr/lib/gcc/arm-none-eabi/6.2.0/../../../../arm-none-eabi/lib/armv7e-m/fpu/libc_nano.a(lib_a-lseekr.o)
 .ARM.attributes
                0x0000000000000a42       0x20 /usr/lib/gcc/arm-none-eabi/6.2.0/../../../../arm-none-eabi/lib/armv7e-m/fpu/libc_nano.a(lib_a-memchr.o)
 .ARM.attributes
                0x0000000000000a62       0x34 /usr/lib/gcc/arm-none-eabi/6.2.0/../../../../arm-none-eabi/lib/armv7e-m/fpu/libc_nano.a(lib_a-memcpy-stub.o)
 .ARM.attributes
                0x0000000000000a96       0x34 /usr/lib/gcc/arm-none-eabi/6.2.0/../../../../arm-none-eabi/lib/armv7e-m/fpu/libc_nano.a(lib_a-memmove.o)
 .ARM.attributes
                0x0000000000000aca       0x34 /usr/lib/gcc/arm-none-eabi/6.2.0/../../../../arm-none-eabi/lib/armv7e-m/fpu/libc_nano.a(lib_a-nano-reallocr.o)
 .ARM.attributes
                0x0000000000000afe       0x34 /usr/lib/gcc/arm-none-eabi/6.2.0/../../../../arm-none-eabi/lib/armv7e-m/fpu/libc_nano.a(lib_a-readr.o)
 .ARM.attributes
                0x0000000000000b32       0x34 /usr/lib/gcc/arm-none-eabi/6.2.0/../../../../arm-none-eabi/lib/armv7e-m/fpu/libc_nano.a(lib_a-nano-msizer.o)
 .ARM.attributes
                0x0000000000000b66       0x34 /usr/lib/gcc/arm-none-eabi/6.2.0/../../../../arm-none-eabi/lib/armv7e-m/fpu/libm.a(lib_a-w_log.o)
 .ARM.attributes
                0x0000000000000b9a       0x34 /usr/lib/gcc/arm-none-eabi/6.2.0/../../../../arm-none-eabi/lib/armv7e-m/fpu/libm.a(lib_a-e_log.o)
 .ARM.attributes
                0x0000000000000bce       0x34 /usr/lib/gcc/arm-none-eabi/6.2.0/../../../../arm-none-eabi/lib/armv7e-m/fpu/libm.a(lib_a-s_lib_ver.o)
 .ARM.attributes
                0x0000000000000c02       0x34 /usr/lib/gcc/arm-none-eabi/6.2.0/../../../../arm-none-eabi/lib/armv7e-m/fpu/libm.a(lib_a-s_matherr.o)
 .ARM.attributes
                0x0000000000000c36       0x34 /usr/lib/gcc/arm-none-eabi/6.2.0/../../../../arm-none-eabi/lib/armv7e-m/fpu/libm.a(lib_a-s_nan.o)
 .ARM.attributes
                0x0000000000000c6a       0x34 /usr/lib/gcc/arm-none-eabi/6.2.0/../../../../arm-none-eabi/lib/armv7e-m/fpu/libnosys.a(close.o)
 .ARM.attributes
                0x0000000000000c9e       0x34 /usr/lib/gcc/arm-none-eabi/6.2.0/../../../../arm-none-eabi/lib/armv7e-m/fpu/libnosys.a(fstat.o)
 .ARM.attributes
                0x0000000000000cd2       0x34 /usr/lib/gcc/arm-none-eabi/6.2.0/../../../../arm-none-eabi/lib/armv7e-m/fpu/libnosys.a(isatty.o)
 .ARM.attributes
                0x0000000000000d06       0x34 /usr/lib/gcc/arm-none-eabi/6.2.0/../../../../arm-none-eabi/lib/armv7e-m/fpu/libnosys.a(lseek.o)
 .ARM.attributes
                0x0000000000000d3a       0x34 /usr/lib/gcc/arm-none-eabi/6.2.0/../../../../arm-none-eabi/lib/armv7e-m/fpu/libnosys.a(read.o)
 .ARM.attributes
                0x0000000000000d6e       0x34 /usr/lib/gcc/arm-none-eabi/6.2.0/../../../../arm-none-eabi/lib/armv7e-m/fpu/libnosys.a(sbrk.o)
 .ARM.attributes
                0x0000000000000da2       0x34 /usr/lib/gcc/arm-none-eabi/6.2.0/../../../../arm-none-eabi/lib/armv7e-m/fpu/libnosys.a(write.o)
 .ARM.attributes
                0x0000000000000dd6       0x22 /usr/lib/gcc/arm-none-eabi/6.2.0/armv7e-m/fpu/libgcc.a(_arm_addsubdf3.o)
 .ARM.attributes
                0x0000000000000df8       0x22 /usr/lib/gcc/arm-none-eabi/6.2.0/armv7e-m/fpu/libgcc.a(_arm_muldivdf3.o)
 .ARM.attributes
                0x0000000000000e1a       0x22 /usr/lib/gcc/arm-none-eabi/6.2.0/armv7e-m/fpu/libgcc.a(_arm_cmpdf2.o)
 .ARM.attributes
                0x0000000000000e3c       0x22 /usr/lib/gcc/arm-none-eabi/6.2.0/armv7e-m/fpu/libgcc.a(_arm_unorddf2.o)
 .ARM.attributes
                0x0000000000000e5e       0x22 /usr/lib/gcc/arm-none-eabi/6.2.0/armv7e-m/fpu/libgcc.a(_aeabi_uldivmod.o)
 .ARM.attributes
                0x0000000000000e80       0x34 /usr/lib/gcc/arm-none-eabi/6.2.0/armv7e-m/fpu/libgcc.a(_fixunsdfdi.o)
 .ARM.attributes
                0x0000000000000eb4       0x34 /usr/lib/gcc/arm-none-eabi/6.2.0/armv7e-m/fpu/libgcc.a(_udivmoddi4.o)
 .ARM.attributes
                0x0000000000000ee8       0x22 /usr/lib/gcc/arm-none-eabi/6.2.0/armv7e-m/fpu/libgcc.a(_dvmd_tls.o)
 .ARM.attributes
                0x0000000000000f0a       0x22 /usr/lib/gcc/arm-none-eabi/6.2.0/armv7e-m/fpu/libgcc.a(_arm_fixunsdfsi.o)
 .ARM.attributes
                0x0000000000000f2c       0x34 /usr/lib/gcc/arm-none-eabi/6.2.0/../../../../arm-none-eabi/lib/armv7e-m/fpu/libc_nano.a(lib_a-errno.o)
 .ARM.attributes
                0x0000000000000f60       0x22 /usr/lib/gcc/arm-none-eabi/6.2.0/armv7e-m/fpu/crtn.o
OUTPUT(build/T2.elf elf32-littlearm)

.debug_info     0x0000000000000000    0x1f78d
 .debug_info    0x0000000000000000      0xee5 build/stm32l4xx_hal_msp.o
 .debug_info    0x0000000000000ee5     0x168a build/usart.o
 .debug_info    0x000000000000256f      0xb9d build/queue.o
 .debug_info    0x000000000000310c      0xc22 build/semaphore.o
 .debug_info    0x0000000000003d2e     0x1f35 build/main.o
 .debug_info    0x0000000000005c63     0x1738 build/mytask.o
 .debug_info    0x000000000000739b     0x156b build/tim.o
 .debug_info    0x0000000000008906     0x1544 build/stm32l4xx_it.o
 .debug_info    0x0000000000009e4a      0xb3d build/mailbox.o
 .debug_info    0x000000000000a987      0xe93 build/gpio.o
 .debug_info    0x000000000000b81a     0x15e6 build/sst.o
 .debug_info    0x000000000000ce00      0xf35 build/system_stm32l4xx.o
 .debug_info    0x000000000000dd35     0x1943 build/stm32l4xx_hal_rcc.o
 .debug_info    0x000000000000f678     0x111e build/stm32l4xx_hal_dma.o
 .debug_info    0x0000000000010796     0x1216 build/stm32l4xx_hal_gpio.o
 .debug_info    0x00000000000119ac     0x2095 build/stm32l4xx_hal_uart.o
 .debug_info    0x0000000000013a41     0x2ecf build/stm32l4xx_hal_tim.o
 .debug_info    0x0000000000016910     0x1259 build/stm32l4xx_hal_uart_ex.o
 .debug_info    0x0000000000017b69     0x1486 build/stm32l4xx_hal_pwr_ex.o
 .debug_info    0x0000000000018fef     0x1774 build/stm32l4xx_hal_cortex.o
 .debug_info    0x000000000001a763     0x1c13 build/stm32l4xx_hal_tim_ex.o
 .debug_info    0x000000000001c376     0x13e7 build/stm32l4xx_hal.o
 .debug_info    0x000000000001d75d     0x1f95 build/stm32l4xx_hal_rcc_ex.o
 .debug_info    0x000000000001f6f2       0x9b build/startup_stm32l476xx.o

.debug_abbrev   0x0000000000000000     0x379a
 .debug_abbrev  0x0000000000000000      0x1d1 build/stm32l4xx_hal_msp.o
 .debug_abbrev  0x00000000000001d1      0x207 build/usart.o
 .debug_abbrev  0x00000000000003d8      0x201 build/queue.o
 .debug_abbrev  0x00000000000005d9      0x21d build/semaphore.o
 .debug_abbrev  0x00000000000007f6      0x265 build/main.o
 .debug_abbrev  0x0000000000000a5b      0x280 build/mytask.o
 .debug_abbrev  0x0000000000000cdb      0x216 build/tim.o
 .debug_abbrev  0x0000000000000ef1      0x231 build/stm32l4xx_it.o
 .debug_abbrev  0x0000000000001122      0x1f2 build/mailbox.o
 .debug_abbrev  0x0000000000001314      0x1d3 build/gpio.o
 .debug_abbrev  0x00000000000014e7      0x280 build/sst.o
 .debug_abbrev  0x0000000000001767      0x1fe build/system_stm32l4xx.o
 .debug_abbrev  0x0000000000001965      0x32f build/stm32l4xx_hal_rcc.o
 .debug_abbrev  0x0000000000001c94      0x261 build/stm32l4xx_hal_dma.o
 .debug_abbrev  0x0000000000001ef5      0x25f build/stm32l4xx_hal_gpio.o
 .debug_abbrev  0x0000000000002154      0x2c7 build/stm32l4xx_hal_uart.o
 .debug_abbrev  0x000000000000241b      0x2be build/stm32l4xx_hal_tim.o
 .debug_abbrev  0x00000000000026d9      0x261 build/stm32l4xx_hal_uart_ex.o
 .debug_abbrev  0x000000000000293a      0x2c9 build/stm32l4xx_hal_pwr_ex.o
 .debug_abbrev  0x0000000000002c03      0x34a build/stm32l4xx_hal_cortex.o
 .debug_abbrev  0x0000000000002f4d      0x29b build/stm32l4xx_hal_tim_ex.o
 .debug_abbrev  0x00000000000031e8      0x28d build/stm32l4xx_hal.o
 .debug_abbrev  0x0000000000003475      0x313 build/stm32l4xx_hal_rcc_ex.o
 .debug_abbrev  0x0000000000003788       0x12 build/startup_stm32l476xx.o

.debug_loc      0x0000000000000000     0x82e7
 .debug_loc     0x0000000000000000       0x50 build/stm32l4xx_hal_msp.o
 .debug_loc     0x0000000000000050       0xcc build/usart.o
 .debug_loc     0x000000000000011c      0x1aa build/queue.o
 .debug_loc     0x00000000000002c6      0x108 build/semaphore.o
 .debug_loc     0x00000000000003ce      0x108 build/main.o
 .debug_loc     0x00000000000004d6      0x23c build/mytask.o
 .debug_loc     0x0000000000000712       0xf0 build/tim.o
 .debug_loc     0x0000000000000802      0x22c build/stm32l4xx_it.o
 .debug_loc     0x0000000000000a2e      0x1c0 build/mailbox.o
 .debug_loc     0x0000000000000bee       0x50 build/gpio.o
 .debug_loc     0x0000000000000c3e      0x1cd build/sst.o
 .debug_loc     0x0000000000000e0b       0xa0 build/system_stm32l4xx.o
 .debug_loc     0x0000000000000eab      0x434 build/stm32l4xx_hal_rcc.o
 .debug_loc     0x00000000000012df      0x470 build/stm32l4xx_hal_dma.o
 .debug_loc     0x000000000000174f      0x2d4 build/stm32l4xx_hal_gpio.o
 .debug_loc     0x0000000000001a23     0x1340 build/stm32l4xx_hal_uart.o
 .debug_loc     0x0000000000002d63     0x2400 build/stm32l4xx_hal_tim.o
 .debug_loc     0x0000000000005163      0x260 build/stm32l4xx_hal_uart_ex.o
 .debug_loc     0x00000000000053c3      0xb08 build/stm32l4xx_hal_pwr_ex.o
 .debug_loc     0x0000000000005ecb      0x954 build/stm32l4xx_hal_cortex.o
 .debug_loc     0x000000000000681f      0xcd8 build/stm32l4xx_hal_tim_ex.o
 .debug_loc     0x00000000000074f7      0x7f0 build/stm32l4xx_hal.o
 .debug_loc     0x0000000000007ce7      0x600 build/stm32l4xx_hal_rcc_ex.o

.debug_aranges  0x0000000000000000      0xf48
 .debug_aranges
                0x0000000000000000       0x20 build/stm32l4xx_hal_msp.o
 .debug_aranges
                0x0000000000000020       0x30 build/usart.o
 .debug_aranges
                0x0000000000000050       0x40 build/queue.o
 .debug_aranges
                0x0000000000000090       0x30 build/semaphore.o
 .debug_aranges
                0x00000000000000c0       0x38 build/main.o
 .debug_aranges
                0x00000000000000f8       0x50 build/mytask.o
 .debug_aranges
                0x0000000000000148       0x30 build/tim.o
 .debug_aranges
                0x0000000000000178       0x70 build/stm32l4xx_it.o
 .debug_aranges
                0x00000000000001e8       0x40 build/mailbox.o
 .debug_aranges
                0x0000000000000228       0x20 build/gpio.o
 .debug_aranges
                0x0000000000000248       0x48 build/sst.o
 .debug_aranges
                0x0000000000000290       0x28 build/system_stm32l4xx.o
 .debug_aranges
                0x00000000000002b8       0x88 build/stm32l4xx_hal_rcc.o
 .debug_aranges
                0x0000000000000340       0x80 build/stm32l4xx_hal_dma.o
 .debug_aranges
                0x00000000000003c0       0x58 build/stm32l4xx_hal_gpio.o
 .debug_aranges
                0x0000000000000418      0x1e8 build/stm32l4xx_hal_uart.o
 .debug_aranges
                0x0000000000000600      0x378 build/stm32l4xx_hal_tim.o
 .debug_aranges
                0x0000000000000978       0x50 build/stm32l4xx_hal_uart_ex.o
 .debug_aranges
                0x00000000000009c8      0x148 build/stm32l4xx_hal_pwr_ex.o
 .debug_aranges
                0x0000000000000b10      0x108 build/stm32l4xx_hal_cortex.o
 .debug_aranges
                0x0000000000000c18      0x150 build/stm32l4xx_hal_tim_ex.o
 .debug_aranges
                0x0000000000000d68      0x100 build/stm32l4xx_hal.o
 .debug_aranges
                0x0000000000000e68       0xb8 build/stm32l4xx_hal_rcc_ex.o
 .debug_aranges
                0x0000000000000f20       0x28 build/startup_stm32l476xx.o

.debug_ranges   0x0000000000000000      0xdd0
 .debug_ranges  0x0000000000000000       0x10 build/stm32l4xx_hal_msp.o
 .debug_ranges  0x0000000000000010       0x20 build/usart.o
 .debug_ranges  0x0000000000000030       0x30 build/queue.o
 .debug_ranges  0x0000000000000060       0x20 build/semaphore.o
 .debug_ranges  0x0000000000000080       0x28 build/main.o
 .debug_ranges  0x00000000000000a8       0x40 build/mytask.o
 .debug_ranges  0x00000000000000e8       0x20 build/tim.o
 .debug_ranges  0x0000000000000108       0x60 build/stm32l4xx_it.o
 .debug_ranges  0x0000000000000168       0x30 build/mailbox.o
 .debug_ranges  0x0000000000000198       0x10 build/gpio.o
 .debug_ranges  0x00000000000001a8       0x38 build/sst.o
 .debug_ranges  0x00000000000001e0       0x18 build/system_stm32l4xx.o
 .debug_ranges  0x00000000000001f8       0x78 build/stm32l4xx_hal_rcc.o
 .debug_ranges  0x0000000000000270       0x70 build/stm32l4xx_hal_dma.o
 .debug_ranges  0x00000000000002e0       0x48 build/stm32l4xx_hal_gpio.o
 .debug_ranges  0x0000000000000328      0x1d8 build/stm32l4xx_hal_uart.o
 .debug_ranges  0x0000000000000500      0x368 build/stm32l4xx_hal_tim.o
 .debug_ranges  0x0000000000000868       0x40 build/stm32l4xx_hal_uart_ex.o
 .debug_ranges  0x00000000000008a8      0x138 build/stm32l4xx_hal_pwr_ex.o
 .debug_ranges  0x00000000000009e0       0xf8 build/stm32l4xx_hal_cortex.o
 .debug_ranges  0x0000000000000ad8      0x140 build/stm32l4xx_hal_tim_ex.o
 .debug_ranges  0x0000000000000c18       0xf0 build/stm32l4xx_hal.o
 .debug_ranges  0x0000000000000d08       0xa8 build/stm32l4xx_hal_rcc_ex.o
 .debug_ranges  0x0000000000000db0       0x20 build/startup_stm32l476xx.o

.debug_line     0x0000000000000000     0x6ec9
 .debug_line    0x0000000000000000      0x17f build/stm32l4xx_hal_msp.o
 .debug_line    0x000000000000017f      0x234 build/usart.o
 .debug_line    0x00000000000003b3      0x181 build/queue.o
 .debug_line    0x0000000000000534      0x1e4 build/semaphore.o
 .debug_line    0x0000000000000718      0x2f3 build/main.o
 .debug_line    0x0000000000000a0b      0x30f build/mytask.o
 .debug_line    0x0000000000000d1a      0x212 build/tim.o
 .debug_line    0x0000000000000f2c      0x308 build/stm32l4xx_it.o
 .debug_line    0x0000000000001234      0x17c build/mailbox.o
 .debug_line    0x00000000000013b0      0x1d1 build/gpio.o
 .debug_line    0x0000000000001581      0x33b build/sst.o
 .debug_line    0x00000000000018bc      0x1ec build/system_stm32l4xx.o
 .debug_line    0x0000000000001aa8      0x5fc build/stm32l4xx_hal_rcc.o
 .debug_line    0x00000000000020a4      0x3fb build/stm32l4xx_hal_dma.o
 .debug_line    0x000000000000249f      0x3a4 build/stm32l4xx_hal_gpio.o
 .debug_line    0x0000000000002843      0xca3 build/stm32l4xx_hal_uart.o
 .debug_line    0x00000000000034e6     0x1512 build/stm32l4xx_hal_tim.o
 .debug_line    0x00000000000049f8      0x324 build/stm32l4xx_hal_uart_ex.o
 .debug_line    0x0000000000004d1c      0x5b8 build/stm32l4xx_hal_pwr_ex.o
 .debug_line    0x00000000000052d4      0x4b7 build/stm32l4xx_hal_cortex.o
 .debug_line    0x000000000000578b      0x842 build/stm32l4xx_hal_tim_ex.o
 .debug_line    0x0000000000005fcd      0x3f2 build/stm32l4xx_hal.o
 .debug_line    0x00000000000063bf      0xa5f build/stm32l4xx_hal_rcc_ex.o
 .debug_line    0x0000000000006e1e       0xab build/startup_stm32l476xx.o

.debug_str      0x0000000000000000     0x4c35
 .debug_str     0x0000000000000000      0xb74 build/stm32l4xx_hal_msp.o
                                        0xbee (size before relaxing)
 .debug_str     0x0000000000000b74      0x505 build/usart.o
                                       0x110d (size before relaxing)
 .debug_str     0x0000000000001079       0xca build/queue.o
                                        0x61d (size before relaxing)
 .debug_str     0x0000000000001143       0xa1 build/semaphore.o
                                        0x6b5 (size before relaxing)
 .debug_str     0x00000000000011e4      0x699 build/main.o
                                       0x17f0 (size before relaxing)
 .debug_str     0x000000000000187d       0x94 build/mytask.o
                                        0xc3f (size before relaxing)
 .debug_str     0x0000000000001911      0x104 build/tim.o
                                       0x10f0 (size before relaxing)
 .debug_str     0x0000000000001a15       0xd3 build/stm32l4xx_it.o
                                        0xdd1 (size before relaxing)
 .debug_str     0x0000000000001ae8       0x3f build/mailbox.o
                                        0x5fe (size before relaxing)
 .debug_str     0x0000000000001b27       0x18 build/gpio.o
                                        0x7a3 (size before relaxing)
 .debug_str     0x0000000000001b3f       0xc7 build/sst.o
                                        0xc22 (size before relaxing)
 .debug_str     0x0000000000001c06       0xdf build/system_stm32l4xx.o
                                        0x7c7 (size before relaxing)
 .debug_str     0x0000000000001ce5      0x2ba build/stm32l4xx_hal_rcc.o
                                        0xbdd (size before relaxing)
 .debug_str     0x0000000000001f9f      0x247 build/stm32l4xx_hal_dma.o
                                        0xa2a (size before relaxing)
 .debug_str     0x00000000000021e6      0x17f build/stm32l4xx_hal_gpio.o
                                        0x950 (size before relaxing)
 .debug_str     0x0000000000002365      0x698 build/stm32l4xx_hal_uart.o
                                       0x12cc (size before relaxing)
 .debug_str     0x00000000000029fd      0xca7 build/stm32l4xx_hal_tim.o
                                       0x1753 (size before relaxing)
 .debug_str     0x00000000000036a4      0x15d build/stm32l4xx_hal_uart_ex.o
                                        0xbe9 (size before relaxing)
 .debug_str     0x0000000000003801      0x4b3 build/stm32l4xx_hal_pwr_ex.o
                                        0xbcc (size before relaxing)
 .debug_str     0x0000000000003cb4      0x391 build/stm32l4xx_hal_cortex.o
                                        0xfbe (size before relaxing)
 .debug_str     0x0000000000004045      0x5f7 build/stm32l4xx_hal_tim_ex.o
                                       0x112f (size before relaxing)
 .debug_str     0x000000000000463c      0x348 build/stm32l4xx_hal.o
                                        0xfc9 (size before relaxing)
 .debug_str     0x0000000000004984      0x2b1 build/stm32l4xx_hal_rcc_ex.o
                                        0xe04 (size before relaxing)

.comment        0x0000000000000000       0x1d
 .comment       0x0000000000000000       0x1d build/stm32l4xx_hal_msp.o
                                         0x1e (size before relaxing)
 .comment       0x000000000000001d       0x1e build/usart.o
 .comment       0x000000000000001d       0x1e build/queue.o
 .comment       0x000000000000001d       0x1e build/semaphore.o
 .comment       0x000000000000001d       0x1e build/main.o
 .comment       0x000000000000001d       0x1e build/mytask.o
 .comment       0x000000000000001d       0x1e build/tim.o
 .comment       0x000000000000001d       0x1e build/stm32l4xx_it.o
 .comment       0x000000000000001d       0x1e build/mailbox.o
 .comment       0x000000000000001d       0x1e build/gpio.o
 .comment       0x000000000000001d       0x1e build/sst.o
 .comment       0x000000000000001d       0x1e build/system_stm32l4xx.o
 .comment       0x000000000000001d       0x1e build/stm32l4xx_hal_rcc.o
 .comment       0x000000000000001d       0x1e build/stm32l4xx_hal_dma.o
 .comment       0x000000000000001d       0x1e build/stm32l4xx_hal_gpio.o
 .comment       0x000000000000001d       0x1e build/stm32l4xx_hal_uart.o
 .comment       0x000000000000001d       0x1e build/stm32l4xx_hal_tim.o
 .comment       0x000000000000001d       0x1e build/stm32l4xx_hal_uart_ex.o
 .comment       0x000000000000001d       0x1e build/stm32l4xx_hal_pwr_ex.o
 .comment       0x000000000000001d       0x1e build/stm32l4xx_hal_cortex.o
 .comment       0x000000000000001d       0x1e build/stm32l4xx_hal_tim_ex.o
 .comment       0x000000000000001d       0x1e build/stm32l4xx_hal.o
 .comment       0x000000000000001d       0x1e build/stm32l4xx_hal_rcc_ex.o

.debug_frame    0x0000000000000000     0x4cd0
 .debug_frame   0x0000000000000000       0x38 build/stm32l4xx_hal_msp.o
 .debug_frame   0x0000000000000038       0x7c build/usart.o
 .debug_frame   0x00000000000000b4       0xdc build/queue.o
 .debug_frame   0x0000000000000190       0x94 build/semaphore.o
 .debug_frame   0x0000000000000224       0xa4 build/main.o
 .debug_frame   0x00000000000002c8      0x134 build/mytask.o
 .debug_frame   0x00000000000003fc       0x88 build/tim.o
 .debug_frame   0x0000000000000484      0x15c build/stm32l4xx_it.o
 .debug_frame   0x00000000000005e0       0xe4 build/mailbox.o
 .debug_frame   0x00000000000006c4       0x38 build/gpio.o
 .debug_frame   0x00000000000006fc      0x10c build/sst.o
 .debug_frame   0x0000000000000808       0x5c build/system_stm32l4xx.o
 .debug_frame   0x0000000000000864      0x224 build/stm32l4xx_hal_rcc.o
 .debug_frame   0x0000000000000a88      0x218 build/stm32l4xx_hal_dma.o
 .debug_frame   0x0000000000000ca0      0x154 build/stm32l4xx_hal_gpio.o
 .debug_frame   0x0000000000000df4      0x92c build/stm32l4xx_hal_uart.o
 .debug_frame   0x0000000000001720     0x10f0 build/stm32l4xx_hal_tim.o
 .debug_frame   0x0000000000002810      0x128 build/stm32l4xx_hal_uart_ex.o
 .debug_frame   0x0000000000002938      0x590 build/stm32l4xx_hal_pwr_ex.o
 .debug_frame   0x0000000000002ec8      0x488 build/stm32l4xx_hal_cortex.o
 .debug_frame   0x0000000000003350      0x628 build/stm32l4xx_hal_tim_ex.o
 .debug_frame   0x0000000000003978      0x42c build/stm32l4xx_hal.o
 .debug_frame   0x0000000000003da4      0x318 build/stm32l4xx_hal_rcc_ex.o
 .debug_frame   0x00000000000040bc       0x2c /usr/lib/gcc/arm-none-eabi/6.2.0/../../../../arm-none-eabi/lib/armv7e-m/fpu/libc_nano.a(lib_a-init.o)
 .debug_frame   0x00000000000040e8       0x20 /usr/lib/gcc/arm-none-eabi/6.2.0/../../../../arm-none-eabi/lib/armv7e-m/fpu/libc_nano.a(lib_a-memset.o)
 .debug_frame   0x0000000000004108       0x2c /usr/lib/gcc/arm-none-eabi/6.2.0/../../../../arm-none-eabi/lib/armv7e-m/fpu/libc_nano.a(lib_a-nano-freer.o)
 .debug_frame   0x0000000000004134       0x2c /usr/lib/gcc/arm-none-eabi/6.2.0/../../../../arm-none-eabi/lib/armv7e-m/fpu/libc_nano.a(lib_a-nano-mallocr.o)
 .debug_frame   0x0000000000004160       0x3c /usr/lib/gcc/arm-none-eabi/6.2.0/../../../../arm-none-eabi/lib/armv7e-m/fpu/libc_nano.a(lib_a-puts.o)
 .debug_frame   0x000000000000419c       0x2c /usr/lib/gcc/arm-none-eabi/6.2.0/../../../../arm-none-eabi/lib/armv7e-m/fpu/libc_nano.a(lib_a-sbrkr.o)
 .debug_frame   0x00000000000041c8       0x70 /usr/lib/gcc/arm-none-eabi/6.2.0/../../../../arm-none-eabi/lib/armv7e-m/fpu/libc_nano.a(lib_a-sprintf.o)
 .debug_frame   0x0000000000004238       0x40 /usr/lib/gcc/arm-none-eabi/6.2.0/../../../../arm-none-eabi/lib/armv7e-m/fpu/libc_nano.a(lib_a-wbuf.o)
 .debug_frame   0x0000000000004278       0x2c /usr/lib/gcc/arm-none-eabi/6.2.0/../../../../arm-none-eabi/lib/armv7e-m/fpu/libc_nano.a(lib_a-wsetup.o)
 .debug_frame   0x00000000000042a4       0x68 /usr/lib/gcc/arm-none-eabi/6.2.0/../../../../arm-none-eabi/lib/armv7e-m/fpu/libc_nano.a(lib_a-fflush.o)
 .debug_frame   0x000000000000430c      0x11c /usr/lib/gcc/arm-none-eabi/6.2.0/../../../../arm-none-eabi/lib/armv7e-m/fpu/libc_nano.a(lib_a-findfp.o)
 .debug_frame   0x0000000000004428       0x54 /usr/lib/gcc/arm-none-eabi/6.2.0/../../../../arm-none-eabi/lib/armv7e-m/fpu/libc_nano.a(lib_a-fwalk.o)
 .debug_frame   0x000000000000447c       0x58 /usr/lib/gcc/arm-none-eabi/6.2.0/../../../../arm-none-eabi/lib/armv7e-m/fpu/libc_nano.a(lib_a-makebuf.o)
 .debug_frame   0x00000000000044d4       0x90 /usr/lib/gcc/arm-none-eabi/6.2.0/../../../../arm-none-eabi/lib/armv7e-m/fpu/libc_nano.a(lib_a-nano-svfprintf.o)
 .debug_frame   0x0000000000004564       0x60 /usr/lib/gcc/arm-none-eabi/6.2.0/../../../../arm-none-eabi/lib/armv7e-m/fpu/libc_nano.a(lib_a-nano-vfprintf_i.o)
 .debug_frame   0x00000000000045c4       0x5c /usr/lib/gcc/arm-none-eabi/6.2.0/../../../../arm-none-eabi/lib/armv7e-m/fpu/libc_nano.a(lib_a-reent.o)
 .debug_frame   0x0000000000004620       0x88 /usr/lib/gcc/arm-none-eabi/6.2.0/../../../../arm-none-eabi/lib/armv7e-m/fpu/libc_nano.a(lib_a-stdio.o)
 .debug_frame   0x00000000000046a8       0x2c /usr/lib/gcc/arm-none-eabi/6.2.0/../../../../arm-none-eabi/lib/armv7e-m/fpu/libc_nano.a(lib_a-writer.o)
 .debug_frame   0x00000000000046d4       0x2c /usr/lib/gcc/arm-none-eabi/6.2.0/../../../../arm-none-eabi/lib/armv7e-m/fpu/libc_nano.a(lib_a-closer.o)
 .debug_frame   0x0000000000004700       0x2c /usr/lib/gcc/arm-none-eabi/6.2.0/../../../../arm-none-eabi/lib/armv7e-m/fpu/libc_nano.a(lib_a-fstatr.o)
 .debug_frame   0x000000000000472c       0x2c /usr/lib/gcc/arm-none-eabi/6.2.0/../../../../arm-none-eabi/lib/armv7e-m/fpu/libc_nano.a(lib_a-isattyr.o)
 .debug_frame   0x0000000000004758       0x2c /usr/lib/gcc/arm-none-eabi/6.2.0/../../../../arm-none-eabi/lib/armv7e-m/fpu/libc_nano.a(lib_a-lseekr.o)
 .debug_frame   0x0000000000004784       0x28 /usr/lib/gcc/arm-none-eabi/6.2.0/../../../../arm-none-eabi/lib/armv7e-m/fpu/libc_nano.a(lib_a-memcpy-stub.o)
 .debug_frame   0x00000000000047ac       0x28 /usr/lib/gcc/arm-none-eabi/6.2.0/../../../../arm-none-eabi/lib/armv7e-m/fpu/libc_nano.a(lib_a-memmove.o)
 .debug_frame   0x00000000000047d4       0x3c /usr/lib/gcc/arm-none-eabi/6.2.0/../../../../arm-none-eabi/lib/armv7e-m/fpu/libc_nano.a(lib_a-nano-reallocr.o)
 .debug_frame   0x0000000000004810       0x2c /usr/lib/gcc/arm-none-eabi/6.2.0/../../../../arm-none-eabi/lib/armv7e-m/fpu/libc_nano.a(lib_a-readr.o)
 .debug_frame   0x000000000000483c       0x20 /usr/lib/gcc/arm-none-eabi/6.2.0/../../../../arm-none-eabi/lib/armv7e-m/fpu/libc_nano.a(lib_a-nano-msizer.o)
 .debug_frame   0x000000000000485c       0x4c /usr/lib/gcc/arm-none-eabi/6.2.0/../../../../arm-none-eabi/lib/armv7e-m/fpu/libm.a(lib_a-w_log.o)
 .debug_frame   0x00000000000048a8       0x54 /usr/lib/gcc/arm-none-eabi/6.2.0/../../../../arm-none-eabi/lib/armv7e-m/fpu/libm.a(lib_a-e_log.o)
 .debug_frame   0x00000000000048fc       0x20 /usr/lib/gcc/arm-none-eabi/6.2.0/../../../../arm-none-eabi/lib/armv7e-m/fpu/libm.a(lib_a-s_matherr.o)
 .debug_frame   0x000000000000491c       0x20 /usr/lib/gcc/arm-none-eabi/6.2.0/../../../../arm-none-eabi/lib/armv7e-m/fpu/libm.a(lib_a-s_nan.o)
 .debug_frame   0x000000000000493c       0x20 /usr/lib/gcc/arm-none-eabi/6.2.0/../../../../arm-none-eabi/lib/armv7e-m/fpu/libnosys.a(close.o)
 .debug_frame   0x000000000000495c       0x20 /usr/lib/gcc/arm-none-eabi/6.2.0/../../../../arm-none-eabi/lib/armv7e-m/fpu/libnosys.a(fstat.o)
 .debug_frame   0x000000000000497c       0x20 /usr/lib/gcc/arm-none-eabi/6.2.0/../../../../arm-none-eabi/lib/armv7e-m/fpu/libnosys.a(isatty.o)
 .debug_frame   0x000000000000499c       0x20 /usr/lib/gcc/arm-none-eabi/6.2.0/../../../../arm-none-eabi/lib/armv7e-m/fpu/libnosys.a(lseek.o)
 .debug_frame   0x00000000000049bc       0x20 /usr/lib/gcc/arm-none-eabi/6.2.0/../../../../arm-none-eabi/lib/armv7e-m/fpu/libnosys.a(read.o)
 .debug_frame   0x00000000000049dc       0x20 /usr/lib/gcc/arm-none-eabi/6.2.0/../../../../arm-none-eabi/lib/armv7e-m/fpu/libnosys.a(sbrk.o)
 .debug_frame   0x00000000000049fc       0x20 /usr/lib/gcc/arm-none-eabi/6.2.0/../../../../arm-none-eabi/lib/armv7e-m/fpu/libnosys.a(write.o)
 .debug_frame   0x0000000000004a1c       0xac /usr/lib/gcc/arm-none-eabi/6.2.0/armv7e-m/fpu/libgcc.a(_arm_addsubdf3.o)
 .debug_frame   0x0000000000004ac8       0x50 /usr/lib/gcc/arm-none-eabi/6.2.0/armv7e-m/fpu/libgcc.a(_arm_muldivdf3.o)
 .debug_frame   0x0000000000004b18       0xc4 /usr/lib/gcc/arm-none-eabi/6.2.0/armv7e-m/fpu/libgcc.a(_arm_cmpdf2.o)
 .debug_frame   0x0000000000004bdc       0x20 /usr/lib/gcc/arm-none-eabi/6.2.0/armv7e-m/fpu/libgcc.a(_arm_unorddf2.o)
 .debug_frame   0x0000000000004bfc       0x2c /usr/lib/gcc/arm-none-eabi/6.2.0/armv7e-m/fpu/libgcc.a(_aeabi_uldivmod.o)
 .debug_frame   0x0000000000004c28       0x2c /usr/lib/gcc/arm-none-eabi/6.2.0/armv7e-m/fpu/libgcc.a(_fixunsdfdi.o)
 .debug_frame   0x0000000000004c54       0x38 /usr/lib/gcc/arm-none-eabi/6.2.0/armv7e-m/fpu/libgcc.a(_udivmoddi4.o)
 .debug_frame   0x0000000000004c8c       0x24 /usr/lib/gcc/arm-none-eabi/6.2.0/armv7e-m/fpu/libgcc.a(_arm_fixunsdfsi.o)
 .debug_frame   0x0000000000004cb0       0x20 /usr/lib/gcc/arm-none-eabi/6.2.0/../../../../arm-none-eabi/lib/armv7e-m/fpu/libc_nano.a(lib_a-errno.o)

.stab           0x0000000000000000       0x9c
 .stab          0x0000000000000000       0x24 /usr/lib/gcc/arm-none-eabi/6.2.0/../../../../arm-none-eabi/lib/armv7e-m/fpu/libnosys.a(close.o)
 .stab          0x0000000000000024       0x18 /usr/lib/gcc/arm-none-eabi/6.2.0/../../../../arm-none-eabi/lib/armv7e-m/fpu/libnosys.a(fstat.o)
                                         0x24 (size before relaxing)
 .stab          0x000000000000003c       0x18 /usr/lib/gcc/arm-none-eabi/6.2.0/../../../../arm-none-eabi/lib/armv7e-m/fpu/libnosys.a(isatty.o)
                                         0x24 (size before relaxing)
 .stab          0x0000000000000054       0x18 /usr/lib/gcc/arm-none-eabi/6.2.0/../../../../arm-none-eabi/lib/armv7e-m/fpu/libnosys.a(lseek.o)
                                         0x24 (size before relaxing)
 .stab          0x000000000000006c       0x18 /usr/lib/gcc/arm-none-eabi/6.2.0/../../../../arm-none-eabi/lib/armv7e-m/fpu/libnosys.a(read.o)
                                         0x24 (size before relaxing)
 .stab          0x0000000000000084       0x18 /usr/lib/gcc/arm-none-eabi/6.2.0/../../../../arm-none-eabi/lib/armv7e-m/fpu/libnosys.a(write.o)
                                         0x24 (size before relaxing)

.stabstr        0x0000000000000000      0x14d
 .stabstr       0x0000000000000000      0x14d /usr/lib/gcc/arm-none-eabi/6.2.0/../../../../arm-none-eabi/lib/armv7e-m/fpu/libnosys.a(close.o)

Cross Reference Table

Symbol                                            File
ADC1_2_IRQHandler                                 build/startup_stm32l476xx.o
ADC3_IRQHandler                                   build/startup_stm32l476xx.o
AHBPrescTable                                     build/system_stm32l4xx.o
                                                  build/stm32l4xx_hal_rcc.o
APBPrescTable                                     build/system_stm32l4xx.o
                                                  build/stm32l4xx_hal_rcc.o
BusFault_Handler                                  build/stm32l4xx_it.o
CAN1_RX0_IRQHandler                               build/startup_stm32l476xx.o
CAN1_RX1_IRQHandler                               build/startup_stm32l476xx.o
CAN1_SCE_IRQHandler                               build/startup_stm32l476xx.o
CAN1_TX_IRQHandler                                build/startup_stm32l476xx.o
COMP_IRQHandler                                   build/startup_stm32l476xx.o
ConstructMailBox                                  build/mailbox.o
                                                  build/main.o
ConstructQueue                                    build/queue.o
                                                  build/main.o
ConstructSemaphore                                build/semaphore.o
                                                  build/main.o
DFSDM1_FLT0_IRQHandler                            build/startup_stm32l476xx.o
DFSDM1_FLT1_IRQHandler                            build/startup_stm32l476xx.o
DFSDM1_FLT2_IRQHandler                            build/startup_stm32l476xx.o
DFSDM1_FLT3_IRQHandler                            build/startup_stm32l476xx.o
DMA1_Channel1_IRQHandler                          build/startup_stm32l476xx.o
DMA1_Channel2_IRQHandler                          build/startup_stm32l476xx.o
DMA1_Channel3_IRQHandler                          build/startup_stm32l476xx.o
DMA1_Channel4_IRQHandler                          build/startup_stm32l476xx.o
DMA1_Channel5_IRQHandler                          build/startup_stm32l476xx.o
DMA1_Channel6_IRQHandler                          build/startup_stm32l476xx.o
DMA1_Channel7_IRQHandler                          build/startup_stm32l476xx.o
DMA2_Channel1_IRQHandler                          build/startup_stm32l476xx.o
DMA2_Channel2_IRQHandler                          build/startup_stm32l476xx.o
DMA2_Channel3_IRQHandler                          build/startup_stm32l476xx.o
DMA2_Channel4_IRQHandler                          build/startup_stm32l476xx.o
DMA2_Channel5_IRQHandler                          build/startup_stm32l476xx.o
DMA2_Channel6_IRQHandler                          build/startup_stm32l476xx.o
DMA2_Channel7_IRQHandler                          build/startup_stm32l476xx.o
DebugMon_Handler                                  build/stm32l4xx_it.o
Default_Handler                                   build/startup_stm32l476xx.o
Dequeue                                           build/queue.o
                                                  build/mytask.o
DestructMailBox                                   build/mailbox.o
DestructQueue                                     build/queue.o
EXTI0_IRQHandler                                  build/startup_stm32l476xx.o
EXTI15_10_IRQHandler                              build/startup_stm32l476xx.o
EXTI1_IRQHandler                                  build/startup_stm32l476xx.o
EXTI2_IRQHandler                                  build/startup_stm32l476xx.o
EXTI3_IRQHandler                                  build/startup_stm32l476xx.o
EXTI4_IRQHandler                                  build/startup_stm32l476xx.o
EXTI9_5_IRQHandler                                build/startup_stm32l476xx.o
Enqueue                                           build/queue.o
                                                  build/mytask.o
Error_Handler                                     build/main.o
                                                  build/tim.o
                                                  build/usart.o
FLASH_FlushCaches                                 build/stm32l4xx_hal_flash_ex.o
                                                  build/stm32l4xx_hal_flash.o
FLASH_IRQHandler                                  build/startup_stm32l476xx.o
FLASH_PageErase                                   build/stm32l4xx_hal_flash_ex.o
                                                  build/stm32l4xx_hal_flash.o
FLASH_WaitForLastOperation                        build/stm32l4xx_hal_flash.o
                                                  build/stm32l4xx_hal_flash_ex.o
FMC_IRQHandler                                    build/startup_stm32l476xx.o
FPU_IRQHandler                                    build/startup_stm32l476xx.o
HAL_DBGMCU_DisableDBGSleepMode                    build/stm32l4xx_hal.o
HAL_DBGMCU_DisableDBGStandbyMode                  build/stm32l4xx_hal.o
HAL_DBGMCU_DisableDBGStopMode                     build/stm32l4xx_hal.o
HAL_DBGMCU_EnableDBGSleepMode                     build/stm32l4xx_hal.o
HAL_DBGMCU_EnableDBGStandbyMode                   build/stm32l4xx_hal.o
HAL_DBGMCU_EnableDBGStopMode                      build/stm32l4xx_hal.o
HAL_DMA_Abort                                     build/stm32l4xx_hal_dma.o
                                                  build/stm32l4xx_hal_tim.o
                                                  build/stm32l4xx_hal_uart.o
HAL_DMA_Abort_IT                                  build/stm32l4xx_hal_dma.o
                                                  build/stm32l4xx_hal_i2c.o
                                                  build/stm32l4xx_hal_uart.o
HAL_DMA_DeInit                                    build/stm32l4xx_hal_dma.o
HAL_DMA_GetError                                  build/stm32l4xx_hal_dma.o
HAL_DMA_GetState                                  build/stm32l4xx_hal_dma.o
HAL_DMA_IRQHandler                                build/stm32l4xx_hal_dma.o
HAL_DMA_Init                                      build/stm32l4xx_hal_dma.o
HAL_DMA_PollForTransfer                           build/stm32l4xx_hal_dma.o
HAL_DMA_RegisterCallback                          build/stm32l4xx_hal_dma.o
HAL_DMA_Start                                     build/stm32l4xx_hal_dma.o